Component: ARM Compiler 5.05 update 2 (build 169) Tool: armlink [4d0f33]

==============================================================================

Section Cross References

    startup_stm32f407xx.o(STACK) refers (Special) to heapauxi.o(.text) for __use_two_region_memory
    startup_stm32f407xx.o(HEAP) refers (Special) to heapauxi.o(.text) for __use_two_region_memory
    startup_stm32f407xx.o(RESET) refers (Special) to heapauxi.o(.text) for __use_two_region_memory
    startup_stm32f407xx.o(RESET) refers to startup_stm32f407xx.o(STACK) for __initial_sp
    startup_stm32f407xx.o(RESET) refers to startup_stm32f407xx.o(.text) for Reset_Handler
    startup_stm32f407xx.o(RESET) refers to stm32f4xx_it.o(i.NMI_Handler) for NMI_Handler
    startup_stm32f407xx.o(RESET) refers to stm32f4xx_it.o(i.HardFault_Handler) for HardFault_Handler
    startup_stm32f407xx.o(RESET) refers to stm32f4xx_it.o(i.MemManage_Handler) for MemManage_Handler
    startup_stm32f407xx.o(RESET) refers to stm32f4xx_it.o(i.BusFault_Handler) for BusFault_Handler
    startup_stm32f407xx.o(RESET) refers to stm32f4xx_it.o(i.UsageFault_Handler) for UsageFault_Handler
    startup_stm32f407xx.o(RESET) refers to port.o(.emb_text) for SVC_Handler
    startup_stm32f407xx.o(RESET) refers to stm32f4xx_it.o(i.DebugMon_Handler) for DebugMon_Handler
    startup_stm32f407xx.o(RESET) refers to port.o(i.SysTick_Handler) for SysTick_Handler
    startup_stm32f407xx.o(RESET) refers to stm32f4xx_it.o(i.DMA1_Stream1_IRQHandler) for DMA1_Stream1_IRQHandler
    startup_stm32f407xx.o(RESET) refers to stm32f4xx_it.o(i.CAN1_TX_IRQHandler) for CAN1_TX_IRQHandler
    startup_stm32f407xx.o(RESET) refers to stm32f4xx_it.o(i.CAN1_RX0_IRQHandler) for CAN1_RX0_IRQHandler
    startup_stm32f407xx.o(RESET) refers to stm32f4xx_it.o(i.TIM3_IRQHandler) for TIM3_IRQHandler
    startup_stm32f407xx.o(RESET) refers to stm32f4xx_it.o(i.USART3_IRQHandler) for USART3_IRQHandler
    startup_stm32f407xx.o(RESET) refers to stm32f4xx_it.o(i.DMA2_Stream0_IRQHandler) for DMA2_Stream0_IRQHandler
    startup_stm32f407xx.o(RESET) refers to stm32f4xx_it.o(i.DMA2_Stream1_IRQHandler) for DMA2_Stream1_IRQHandler
    startup_stm32f407xx.o(RESET) refers to stm32f4xx_it.o(i.DMA2_Stream3_IRQHandler) for DMA2_Stream3_IRQHandler
    startup_stm32f407xx.o(RESET) refers to stm32f4xx_it.o(i.CAN2_TX_IRQHandler) for CAN2_TX_IRQHandler
    startup_stm32f407xx.o(RESET) refers to stm32f4xx_it.o(i.CAN2_RX0_IRQHandler) for CAN2_RX0_IRQHandler
    startup_stm32f407xx.o(RESET) refers to stm32f4xx_it.o(i.DMA2_Stream6_IRQHandler) for DMA2_Stream6_IRQHandler
    startup_stm32f407xx.o(RESET) refers to stm32f4xx_it.o(i.USART6_IRQHandler) for USART6_IRQHandler
    startup_stm32f407xx.o(.text) refers (Special) to heapauxi.o(.text) for __use_two_region_memory
    startup_stm32f407xx.o(.text) refers to system_stm32f4xx.o(i.SystemInit) for SystemInit
    startup_stm32f407xx.o(.text) refers to __main.o(!!!main) for __main
    startup_stm32f407xx.o(.text) refers to startup_stm32f407xx.o(HEAP) for Heap_Mem
    startup_stm32f407xx.o(.text) refers to startup_stm32f407xx.o(STACK) for Stack_Mem
    main.o(i.HAL_TIM_PeriodElapsedCallback) refers to stm32f4xx_hal.o(i.HAL_IncTick) for HAL_IncTick
    main.o(i.SystemClock_Config) refers to rt_memclr_w.o(.text) for __aeabi_memclr4
    main.o(i.SystemClock_Config) refers to stm32f4xx_hal_rcc.o(i.HAL_RCC_OscConfig) for HAL_RCC_OscConfig
    main.o(i.SystemClock_Config) refers to stm32f4xx_hal_rcc.o(i.HAL_RCC_ClockConfig) for HAL_RCC_ClockConfig
    main.o(i.main) refers to stm32f4xx_hal.o(i.HAL_Init) for HAL_Init
    main.o(i.main) refers to main.o(i.SystemClock_Config) for SystemClock_Config
    main.o(i.main) refers to gpio.o(i.MX_GPIO_Init) for MX_GPIO_Init
    main.o(i.main) refers to dma.o(i.MX_DMA_Init) for MX_DMA_Init
    main.o(i.main) refers to i2c.o(i.MX_I2C3_Init) for MX_I2C3_Init
    main.o(i.main) refers to spi.o(i.MX_SPI1_Init) for MX_SPI1_Init
    main.o(i.main) refers to tim.o(i.MX_TIM10_Init) for MX_TIM10_Init
    main.o(i.main) refers to usart.o(i.MX_USART3_UART_Init) for MX_USART3_UART_Init
    main.o(i.main) refers to can.o(i.MX_CAN1_Init) for MX_CAN1_Init
    main.o(i.main) refers to can.o(i.MX_CAN2_Init) for MX_CAN2_Init
    main.o(i.main) refers to usart.o(i.MX_USART6_UART_Init) for MX_USART6_UART_Init
    main.o(i.main) refers to stm32f4xx_hal_gpio.o(i.HAL_GPIO_WritePin) for HAL_GPIO_WritePin
    main.o(i.main) refers to stm32f4xx_hal_tim.o(i.HAL_TIM_PWM_Start) for HAL_TIM_PWM_Start
    main.o(i.main) refers to drv_can.o(i.CAN1_Init) for CAN1_Init
    main.o(i.main) refers to drv_can.o(i.CAN2_Init) for CAN2_Init
    main.o(i.main) refers to drv_usart.o(i.USART3_Init) for USART3_Init
    main.o(i.main) refers to freertos.o(i.MX_FREERTOS_Init) for MX_FREERTOS_Init
    main.o(i.main) refers to cmsis_os.o(i.osKernelStart) for osKernelStart
    main.o(i.main) refers to tim.o(.bss) for htim10
    gpio.o(i.MX_GPIO_Init) refers to rt_memclr_w.o(.text) for __aeabi_memclr4
[...]
    xPendedTicks                             0x20000038   Data           4  tasks.o(.data)
    xYieldPending                            0x2000003c   Data           4  tasks.o(.data)
    xNumOfOverflows                          0x20000040   Data           4  tasks.o(.data)
    uxTaskNumber                             0x20000044   Data           4  tasks.o(.data)
    xNextTaskUnblockTime                     0x20000048   Data           4  tasks.o(.data)
    xIdleTaskHandle                          0x2000004c   Data           4  tasks.o(.data)
    uxSchedulerSuspended                     0x20000050   Data           4  tasks.o(.data)
    pxDelayedTaskList                        0x20000054   Data           4  tasks.o(.data)
    pxOverflowDelayedTaskList                0x20000058   Data           4  tasks.o(.data)
    .data                                    0x2000005c   Section       32  heap_4.o(.data)
    pxEnd                                    0x2000005c   Data           4  heap_4.o(.data)
    xFreeBytesRemaining                      0x20000060   Data           4  heap_4.o(.data)
    xMinimumEverFreeBytesRemaining           0x20000064   Data           4  heap_4.o(.data)
    xNumberOfSuccessfulAllocations           0x20000068   Data           4  heap_4.o(.data)
    xNumberOfSuccessfulFrees                 0x2000006c   Data           4  heap_4.o(.data)
    xBlockAllocatedBit                       0x20000070   Data           4  heap_4.o(.data)
    xStart                                   0x20000074   Data           8  heap_4.o(.data)
    .data                                    0x2000007c   Section       12  port.o(.data)
    ucMaxSysCallPriority                     0x2000007c   Data           1  port.o(.data)
    uxCriticalNesting                        0x20000080   Data           4  port.o(.data)
    ulMaxPRIGROUPValue                       0x20000084   Data           4  port.o(.data)
    .data                                    0x20000088   Section       32  ins_task.o(.data)
    temp_constant_time                       0x20000088   Data           1  ins_task.o(.data)
    .data                                    0x200000a8   Section       28  chassis_task.o(.data)
    .data                                    0x200000c4   Section        2  drv_can.o(.data)
    .data                                    0x200000c6   Section        8  rc_potocal.o(.data)
    .bss                                     0x200000d0   Section      596  freertos.o(.bss)
    xIdleTaskTCBBuffer                       0x200000d0   Data          84  freertos.o(.bss)
    xIdleStack                               0x20000124   Data         512  freertos.o(.bss)
    .bss                                     0x20000324   Section       80  can.o(.bss)
    .bss                                     0x20000374   Section       84  i2c.o(.bss)
    .bss                                     0x200003c8   Section      280  spi.o(.bss)
    .bss                                     0x200004e0   Section       72  tim.o(.bss)
    .bss                                     0x20000528   Section      424  usart.o(.bss)
    .bss                                     0x200006d0   Section       72  stm32f4xx_hal_timebase_tim.o(.bss)
    .bss                                     0x20000718   Section      240  tasks.o(.bss)
    pxReadyTasksLists                        0x20000718   Data         140  tasks.o(.bss)
    xDelayedTaskList1                        0x200007a4   Data          20  tasks.o(.bss)
    xDelayedTaskList2                        0x200007b8   Data          20  tasks.o(.bss)
    xPendingReadyList                        0x200007cc   Data          20  tasks.o(.bss)
    xTasksWaitingTermination                 0x200007e0   Data          20  tasks.o(.bss)
    xSuspendedTaskList                       0x200007f4   Data          20  tasks.o(.bss)
    .bss                                     0x20000808   Section    15360  heap_4.o(.bss)
    ucHeap                                   0x20000808   Data       15360  heap_4.o(.bss)
    .bss                                     0x20004408   Section      148  ins_task.o(.bss)
    .bss                                     0x2000449c   Section      368  chassis_task.o(.bss)
    .bss                                     0x2000460c   Section       48  drv_usart.o(.bss)
    .bss                                     0x2000463c   Section       22  rc_potocal.o(.bss)
    .bss                                     0x20004654   Section       96  libspace.o(.bss)
    HEAP                                     0x200046b8   Section      512  startup_stm32f407xx.o(HEAP)
    Heap_Mem                                 0x200046b8   Data         512  startup_stm32f407xx.o(HEAP)
    STACK                                    0x200048b8   Section     1024  startup_stm32f407xx.o(STACK)
    Stack_Mem                                0x200048b8   Data        1024  startup_stm32f407xx.o(STACK)
    __initial_sp                             0x20004cb8   Data           0  startup_stm32f407xx.o(STACK)

    Global Symbols

    Symbol Name                              Value     Ov Type        Size  Object(Section)

    BuildAttributes$$THM_ISAv4$E$P$D$K$B$S$7EM$VFPi3$EXTD16$VFPS$VFMA$PE$A:L22UL41UL21$X:L11$S22US41US21$IEEE1$IW$USESV6$~STKCKD$USESV7$~SHL$OTIME$ROPI$IEEEX$EBA8$UX$STANDARDLIB$REQ8$PRES8$EABIv2 0x00000000   Number         0  anon$$obj.o ABSOLUTE
    __ARM_use_no_argv                        0x00000000   Number         0  main.o ABSOLUTE
    __ARM_exceptions_init                     - Undefined Weak Reference
    __alloca_initialize                       - Undefined Weak Reference
    __arm_preinit_                            - Undefined Weak Reference
    __cpp_initialize__aeabi_                  - Undefined Weak Reference
    __cxa_finalize                            - Undefined Weak Reference
    __rt_locale                               - Undefined Weak Reference
    __sigvec_lookup                           - Undefined Weak Reference
    _atexit_init                              - Undefined Weak Reference
    _call_atexit_fns                          - Undefined Weak Reference
    _clock_init                               - Undefined Weak Reference
    _fp_trap_init                             - Undefined Weak Reference
    _fp_trap_shutdown                         - Undefined Weak Reference
    _get_lc_collate                           - Undefined Weak Reference
    _get_lc_ctype                             - Undefined Weak Reference
    _get_lc_monetary                          - Undefined Weak Reference
    _get_lc_numeric                           - Undefined Weak Reference
    _get_lc_time                              - Undefined Weak Reference
    _getenv_init                              - Undefined Weak Reference
    _handle_redirection                       - Undefined Weak Reference
    _init_alloc                               - Undefined Weak Reference
    _init_user_alloc                          - Undefined Weak Reference
    _initio                                   - Undefined Weak Reference
    _rand_init                                - Undefined Weak Reference
    _signal_finish                            - Undefined Weak Reference
    _signal_init                              - Undefined Weak Reference
    _terminate_alloc                          - Undefined Weak Reference
    _terminate_user_alloc                     - Undefined Weak Reference
    _terminateio                              - Undefined Weak Reference
    __Vectors_Size                           0x00000188   Number         0  startup_stm32f407xx.o ABSOLUTE
    __Vectors                                0x08000000   Data           4  startup_stm32f407xx.o(RESET)
    __Vectors_End                            0x08000188   Data           0  startup_stm32f407xx.o(RESET)
    __main                                   0x08000189   Thumb Code     8  __main.o(!!!main)
    __scatterload                            0x08000191   Thumb Code     0  __scatter.o(!!!scatter)
    __scatterload_rt2                        0x08000191   Thumb Code    44  __scatter.o(!!!scatter)
    __scatterload_rt2_thumb_only             0x08000191   Thumb Code     0  __scatter.o(!!!scatter)
    __scatterload_null                       0x0800019f   Thumb Code     0  __scatter.o(!!!scatter)
    __scatterload_copy                       0x080001c5   Thumb Code    26  __scatter_copy.o(!!handler_copy)
    __scatterload_zeroinit                   0x080001e1   Thumb Code    28  __scatter_zi.o(!!handler_zi)
    __rt_lib_init                            0x080001fd   Thumb Code     0  libinit.o(.ARM.Collect$$libinit$$00000000)
    __rt_lib_init_fp_1                       0x080001ff   Thumb Code     0  libinit2.o(.ARM.Collect$$libinit$$00000001)
    __rt_lib_init_alloca_1                   0x08000203   Thumb Code     0  libinit2.o(.ARM.Collect$$libinit$$0000002E)
    __rt_lib_init_argv_1                     0x08000203   Thumb Code     0  libinit2.o(.ARM.Collect$$libinit$$0000002C)
    __rt_lib_init_atexit_1                   0x08000203   Thumb Code     0  libinit2.o(.ARM.Collect$$libinit$$0000001B)
    __rt_lib_init_clock_1                    0x08000203   Thumb Code     0  libinit2.o(.ARM.Collect$$libinit$$00000021)
    __rt_lib_init_cpp_1                      0x08000203   Thumb Code     0  libinit2.o(.ARM.Collect$$libinit$$00000032)
    __rt_lib_init_exceptions_1               0x08000203   Thumb Code     0  libinit2.o(.ARM.Collect$$libinit$$00000030)
    __rt_lib_init_fp_trap_1                  0x08000203   Thumb Code     0  libinit2.o(.ARM.Collect$$libinit$$0000001F)
    __rt_lib_init_getenv_1                   0x08000203   Thumb Code     0  libinit2.o(.ARM.Collect$$libinit$$00000023)
    __rt_lib_init_heap_1                     0x08000203   Thumb Code     0  libinit2.o(.ARM.Collect$$libinit$$0000000A)
    __rt_lib_init_lc_collate_1               0x08000203   Thumb Code     0  libinit2.o(.ARM.Collect$$libinit$$00000011)
    __rt_lib_init_lc_ctype_1                 0x08000203   Thumb Code     0  libinit2.o(.ARM.Collect$$libinit$$00000013)
    __rt_lib_init_lc_monetary_1              0x08000203   Thumb Code     0  libinit2.o(.ARM.Collect$$libinit$$00000015)
    __rt_lib_init_lc_numeric_1               0x08000203   Thumb Code     0  libinit2.o(.ARM.Collect$$libinit$$00000017)
    __rt_lib_init_lc_time_1                  0x08000203   Thumb Code     0  libinit2.o(.ARM.Collect$$libinit$$00000019)
    __rt_lib_init_preinit_1                  0x08000203   Thumb Code     0  libinit2.o(.ARM.Collect$$libinit$$00000004)
    __rt_lib_init_rand_1                     0x08000203   Thumb Code     0  libinit2.o(.ARM.Collect$$libinit$$0000000E)
    __rt_lib_init_return                     0x08000203   Thumb Code     0  libinit2.o(.ARM.Collect$$libinit$$00000033)
    __rt_lib_init_signal_1                   0x08000203   Thumb Code     0  libinit2.o(.ARM.Collect$$libinit$$0000001D)
    __rt_lib_init_stdio_1                    0x08000203   Thumb Code     0  libinit2.o(.ARM.Collect$$libinit$$00000025)
    __rt_lib_init_user_alloc_1               0x08000203   Thumb Code     0  libinit2.o(.ARM.Collect$$libinit$$0000000C)
    __rt_lib_shutdown                        0x08000205   Thumb Code     0  libshutdown.o(.ARM.Collect$$libshutdown$$00000000)
    __rt_lib_shutdown_fp_trap_1              0x08000207   Thumb Code     0  libshutdown2.o(.ARM.Collect$$libshutdown$$00000006)
    __rt_lib_shutdown_heap_1                 0x08000207   Thumb Code     0  libshutdown2.o(.ARM.Collect$$libshutdown$$0000000E)
    __rt_lib_shutdown_return                 0x08000207   Thumb Code     0  libshutdown2.o(.ARM.Collect$$libshutdown$$0000000F)
    __rt_lib_shutdown_signal_1               0x08000207   Thumb Code     0  libshutdown2.o(.ARM.Collect$$libshutdown$$00000009)
    __rt_lib_shutdown_stdio_1                0x08000207   Thumb Code     0  libshutdown2.o(.ARM.Collect$$libshutdown$$00000003)
    __rt_lib_shutdown_user_alloc_1           0x08000207   Thumb Code     0  libshutdown2.o(.ARM.Collect$$libshutdown$$0000000B)
    __rt_entry                               0x08000209   Thumb Code     0  __rtentry.o(.ARM.Collect$$rtentry$$00000000)
    __rt_entry_presh_1                       0x08000209   Thumb Code     0  __rtentry2.o(.ARM.Collect$$rtentry$$00000002)
    __rt_entry_sh                            0x08000209   Thumb Code     0  __rtentry4.o(.ARM.Collect$$rtentry$$00000004)
    __rt_entry_li                            0x0800020f   Thumb Code     0  __rtentry2.o(.ARM.Collect$$rtentry$$0000000A)
    __rt_entry_postsh_1                      0x0800020f   Thumb Code     0  __rtentry2.o(.ARM.Collect$$rtentry$$00000009)
    __rt_entry_main                          0x08000213   Thumb Code     0  __rtentry2.o(.ARM.Collect$$rtentry$$0000000D)
    __rt_entry_postli_1                      0x08000213   Thumb Code     0  __rtentry2.o(.ARM.Collect$$rtentry$$0000000C)
    __rt_exit                                0x0800021b   Thumb Code     0  rtexit.o(.ARM.Collect$$rtexit$$00000000)
    __rt_exit_ls                             0x0800021d   Thumb Code     0  rtexit2.o(.ARM.Collect$$rtexit$$00000003)
    __rt_exit_prels_1                        0x0800021d   Thumb Code     0  rtexit2.o(.ARM.Collect$$rtexit$$00000002)
    __rt_exit_exit                           0x08000221   Thumb Code     0  rtexit2.o(.ARM.Collect$$rtexit$$00000004)
    SVC_Handler                              0x08000229   Thumb Code    28  port.o(.emb_text)
    __asm___6_port_c_39a90d8d__prvStartFirstTask 0x08000249   Thumb Code    36  port.o(.emb_text)
    __asm___6_port_c_39a90d8d__prvEnableVFP  0x08000271   Thumb Code    16  port.o(.emb_text)
    PendSV_Handler                           0x08000285   Thumb Code    88  port.o(.emb_text)
    vPortGetIPSR                             0x080002e1   Thumb Code     6  port.o(.emb_text)
    Reset_Handler                            0x080002e9   Thumb Code     8  startup_stm32f407xx.o(.text)
    ADC_IRQHandler                           0x08000303   Thumb Code     0  startup_stm32f407xx.o(.text)
    CAN1_RX1_IRQHandler                      0x08000303   Thumb Code     0  startup_stm32f407xx.o(.text)
    CAN1_SCE_IRQHandler                      0x08000303   Thumb Code     0  startup_stm32f407xx.o(.text)
    CAN2_RX1_IRQHandler                      0x08000303   Thumb Code     0  startup_stm32f407xx.o(.text)
    CAN2_SCE_IRQHandler                      0x08000303   Thumb Code     0  startup_stm32f407xx.o(.text)
    DCMI_IRQHandler                          0x08000303   Thumb Code     0  startup_stm32f407xx.o(.text)
    DMA1_Stream0_IRQHandler                  0x08000303   Thumb Code     0  startup_stm32f407xx.o(.text)
    DMA1_Stream2_IRQHandler                  0x08000303   Thumb Code     0  startup_stm32f407xx.o(.text)
    DMA1_Stream3_IRQHandler                  0x08000303   Thumb Code     0  startup_stm32f407xx.o(.text)
    DMA1_Stream4_IRQHandler                  0x08000303   Thumb Code     0  startup_stm32f407xx.o(.text)
    DMA1_Stream5_IRQHandler                  0x08000303   Thumb Code     0  startup_stm32f407xx.o(.text)
    DMA1_Stream6_IRQHandler                  0x08000303   Thumb Code     0  startup_stm32f407xx.o(.text)
    DMA1_Stream7_IRQHandler                  0x08000303   Thumb Code     0  startup_stm32f407xx.o(.text)
    DMA2_Stream2_IRQHandler                  0x08000303   Thumb Code     0  startup_stm32f407xx.o(.text)
    DMA2_Stream4_IRQHandler                  0x08000303   Thumb Code     0  startup_stm32f407xx.o(.text)
    DMA2_Stream5_IRQHandler                  0x08000303   Thumb Code     0  startup_stm32f407xx.o(.text)
    DMA2_Stream7_IRQHandler                  0x08000303   Thumb Code     0  startup_stm32f407xx.o(.text)
    ETH_IRQHandler                           0x08000303   Thumb Code     0  startup_stm32f407xx.o(.text)
    ETH_WKUP_IRQHandler                      0x08000303   Thumb Code     0  startup_stm32f407xx.o(.text)
    EXTI0_IRQHandler                         0x08000303   Thumb Code     0  startup_stm32f407xx.o(.text)
    EXTI15_10_IRQHandler                     0x08000303   Thumb Code     0  startup_stm32f407xx.o(.text)
    EXTI1_IRQHandler                         0x08000303   Thumb Code     0  startup_stm32f407xx.o(.text)
    EXTI2_IRQHandler                         0x08000303   Thumb Code     0  startup_stm32f407xx.o(.text)
    EXTI3_IRQHandler                         0x08000303   Thumb Code     0  startup_stm32f407xx.o(.text)
    EXTI4_IRQHandler                         0x08000303   Thumb Code     0  startup_stm32f407xx.o(.text)
    EXTI9_5_IRQHandler                       0x08000303   Thumb Code     0  startup_stm32f407xx.o(.text)
    FLASH_IRQHandler                         0x08000303   Thumb Code     0  startup_stm32f407xx.o(.text)
    FMC_IRQHandler                           0x08000303   Thumb Code     0  startup_stm32f407xx.o(.text)
    FPU_IRQHandler                           0x08000303   Thumb Code     0  startup_stm32f407xx.o(.text)
    HASH_RNG_IRQHandler                      0x08000303   Thumb Code     0  startup_stm32f407xx.o(.text)
    I2C1_ER_IRQHandler                       0x08000303   Thumb Code     0  startup_stm32f407xx.o(.text)
    I2C1_EV_IRQHandler                       0x08000303   Thumb Code     0  startup_stm32f407xx.o(.text)
    I2C2_ER_IRQHandler                       0x08000303   Thumb Code     0  startup_stm32f407xx.o(.text)
    I2C2_EV_IRQHandler                       0x08000303   Thumb Code     0  startup_stm32f407xx.o(.text)
    I2C3_ER_IRQHandler                       0x08000303   Thumb Code     0  startup_stm32f407xx.o(.text)
    I2C3_EV_IRQHandler                       0x08000303   Thumb Code     0  startup_stm32f407xx.o(.text)
    OTG_FS_IRQHandler                        0x08000303   Thumb Code     0  startup_stm32f407xx.o(.text)
    OTG_FS_WKUP_IRQHandler                   0x08000303   Thumb Code     0  startup_stm32f407xx.o(.text)
    OTG_HS_EP1_IN_IRQHandler                 0x08000303   Thumb Code     0  startup_stm32f407xx.o(.text)
    OTG_HS_EP1_OUT_IRQHandler                0x08000303   Thumb Code     0  startup_stm32f407xx.o(.text)
    OTG_HS_IRQHandler                        0x08000303   Thumb Code     0  startup_stm32f407xx.o(.text)
    OTG_HS_WKUP_IRQHandler                   0x08000303   Thumb Code     0  startup_stm32f407xx.o(.text)
    PVD_IRQHandler                           0x08000303   Thumb Code     0  startup_stm32f407xx.o(.text)
    RCC_IRQHandler                           0x08000303   Thumb Code     0  startup_stm32f407xx.o(.text)
    RTC_Alarm_IRQHandler                     0x08000303   Thumb Code     0  startup_stm32f407xx.o(.text)
    RTC_WKUP_IRQHandler                      0x08000303   Thumb Code     0  startup_stm32f407xx.o(.text)
    SDIO_IRQHandler                          0x08000303   Thumb Code     0  startup_stm32f407xx.o(.text)
    SPI1_IRQHandler                          0x08000303   Thumb Code     0  startup_stm32f407xx.o(.text)
    SPI2_IRQHandler                          0x08000303   Thumb Code     0  startup_stm32f407xx.o(.text)
    SPI3_IRQHandler                          0x08000303   Thumb Code     0  startup_stm32f407xx.o(.text)
    TAMP_STAMP_IRQHandler                    0x08000303   Thumb Code     0  startup_stm32f407xx.o(.text)
    TIM1_BRK_TIM9_IRQHandler                 0x08000303   Thumb Code     0  startup_stm32f407xx.o(.text)
    TIM1_CC_IRQHandler                       0x08000303   Thumb Code     0  startup_stm32f407xx.o(.text)
    TIM1_TRG_COM_TIM11_IRQHandler            0x08000303   Thumb Code     0  startup_stm32f407xx.o(.text)
    TIM1_UP_TIM10_IRQHandler                 0x08000303   Thumb Code     0  startup_stm32f407xx.o(.text)
    TIM2_IRQHandler                          0x08000303   Thumb Code     0  startup_stm32f407xx.o(.text)
    TIM4_IRQHandler                          0x08000303   Thumb Code     0  startup_stm32f407xx.o(.text)
    TIM5_IRQHandler                          0x08000303   Thumb Code     0  startup_stm32f407xx.o(.text)
    TIM6_DAC_IRQHandler                      0x08000303   Thumb Code     0  startup_stm32f407xx.o(.text)
    TIM7_IRQHandler                          0x08000303   Thumb Code     0  startup_stm32f407xx.o(.text)
    TIM8_BRK_TIM12_IRQHandler                0x08000303   Thumb Code     0  startup_stm32f407xx.o(.text)
    TIM8_CC_IRQHandler                       0x08000303   Thumb Code     0  startup_stm32f407xx.o(.text)
    TIM8_TRG_COM_TIM14_IRQHandler            0x08000303   Thumb Code     0  startup_stm32f407xx.o(.text)
    TIM8_UP_TIM13_IRQHandler                 0x08000303   Thumb Code     0  startup_stm32f407xx.o(.text)
    UART4_IRQHandler                         0x08000303   Thumb Code     0  startup_stm32f407xx.o(.text)
    UART5_IRQHandler                         0x08000303   Thumb Code     0  startup_stm32f407xx.o(.text)
    USART1_IRQHandler                        0x08000303   Thumb Code     0  startup_stm32f407xx.o(.text)
    USART2_IRQHandler                        0x08000303   Thumb Code     0  startup_stm32f407xx.o(.text)
    WWDG_IRQHandler                          0x08000303   Thumb Code     0  startup_stm32f407xx.o(.text)
    __user_initial_stackheap                 0x08000305   Thumb Code     0  startup_stm32f407xx.o(.text)
    __aeabi_uldivmod                         0x08000329   Thumb Code     0  lludivv7m.o(.text)
    _ll_udiv                                 0x08000329   Thumb Code   238  lludivv7m.o(.text)
    __aeabi_memcpy4                          0x08000417   Thumb Code     0  rt_memcpy_w.o(.text)
    __aeabi_memcpy8                          0x08000417   Thumb Code     0  rt_memcpy_w.o(.text)
    __rt_memcpy_w                            0x08000417   Thumb Code   100  rt_memcpy_w.o(.text)
    _memcpy_lastbytes_aligned                0x0800045f   Thumb Code     0  rt_memcpy_w.o(.text)
    __aeabi_memset                           0x0800047b   Thumb Code    16  aeabi_memset.o(.text)
    __aeabi_memclr4                          0x0800048b   Thumb Code     0  rt_memclr_w.o(.text)
    __aeabi_memclr8                          0x0800048b   Thumb Code     0  rt_memclr_w.o(.text)
    __rt_memclr_w                            0x0800048b   Thumb Code    78  rt_memclr_w.o(.text)
    _memset_w                                0x0800048f   Thumb Code     0  rt_memclr_w.o(.text)
    __use_two_region_memory                  0x080004d9   Thumb Code     2  heapauxi.o(.text)
    __rt_heap_escrow$2region                 0x080004db   Thumb Code     2  heapauxi.o(.text)
    __rt_heap_expand$2region                 0x080004dd   Thumb Code     2  heapauxi.o(.text)
    __read_errno                             0x080004df   Thumb Code    10  _rserrno.o(.text)
    __set_errno                              0x080004e9   Thumb Code    12  _rserrno.o(.text)
    __aeabi_memclr                           0x080004f5   Thumb Code     0  rt_memclr.o(.text)
    __rt_memclr                              0x080004f5   Thumb Code    68  rt_memclr.o(.text)
    _memset                                  0x080004f9   Thumb Code     0  rt_memclr.o(.text)
    __aeabi_errno_addr                       0x08000539   Thumb Code     8  rt_errno_addr_intlibspace.o(.text)
    __errno$intlibspace                      0x08000539   Thumb Code     0  rt_errno_addr_intlibspace.o(.text)
    __rt_errno_addr$intlibspace              0x08000539   Thumb Code     0  rt_errno_addr_intlibspace.o(.text)
    __user_libspace                          0x08000541   Thumb Code     8  libspace.o(.text)
    __user_perproc_libspace                  0x08000541   Thumb Code     0  libspace.o(.text)
    __user_perthread_libspace                0x08000541   Thumb Code     0  libspace.o(.text)
    __user_setup_stackheap                   0x08000549   Thumb Code    74  sys_stackheap_outer.o(.text)
    exit                                     0x08000593   Thumb Code    12  exit.o(.text)
    _sys_exit                                0x080005a1   Thumb Code     8  sys_exit.o(.text)
    __I$use$semihosting                      0x080005ad   Thumb Code     0  use_no_semi.o(.text)
    __use_no_semihosting_swi                 0x080005ad   Thumb Code     2  use_no_semi.o(.text)
    __semihosting_library_function           0x080005af   Thumb Code     0  indicate_semi.o(.text)
    AHRS_init                                0x080005b1   Thumb Code    26  ins_task.o(i.AHRS_init)
    BMI088_accel_init                        0x080005d1   Thumb Code    90  ins_task.o(i.BMI088_accel_init)
    BMI088_accel_read_muli                   0x0800062d   Thumb Code   130  ins_task.o(i.BMI088_accel_read_muli)
    BMI088_accel_write_single                0x080006b9   Thumb Code    72  ins_task.o(i.BMI088_accel_write_single)
    BMI088_gyro_init                         0x08000709   Thumb Code    62  ins_task.o(i.BMI088_gyro_init)
    BMI088_gyro_read_muli                    0x08000749   Thumb Code   104  ins_task.o(i.BMI088_gyro_read_muli)
    BMI088_gyro_write_single                 0x080007b9   Thumb Code    66  ins_task.o(i.BMI088_gyro_write_single)
    BMI088_read                              0x08000805   Thumb Code   388  ins_task.o(i.BMI088_read)
    BusFault_Handler                         0x080009a5   Thumb Code     2  stm32f4xx_it.o(i.BusFault_Handler)
    CAN1_Init                                0x080009a9   Thumb Code    56  drv_can.o(i.CAN1_Init)
    CAN1_RX0_IRQHandler                      0x080009e5   Thumb Code     6  stm32f4xx_it.o(i.CAN1_RX0_IRQHandler)
    CAN1_TX_IRQHandler                       0x080009f1   Thumb Code     6  stm32f4xx_it.o(i.CAN1_TX_IRQHandler)
    CAN2_Init                                0x080009fd   Thumb Code    56  drv_can.o(i.CAN2_Init)
    CAN2_RX0_IRQHandler                      0x08000a39   Thumb Code     6  stm32f4xx_it.o(i.CAN2_RX0_IRQHandler)
    CAN2_TX_IRQHandler                       0x08000a45   Thumb Code     6  stm32f4xx_it.o(i.CAN2_TX_IRQHandler)
    Chassis_task                             0x08000a51   Thumb Code    72  chassis_task.o(i.Chassis_task)
    DMA1_Stream1_IRQHandler                  0x08000aa5   Thumb Code     6  stm32f4xx_it.o(i.DMA1_Stream1_IRQHandler)
    DMA2_Stream0_IRQHandler                  0x08000ab1   Thumb Code     6  stm32f4xx_it.o(i.DMA2_Stream0_IRQHandler)
    DMA2_Stream1_IRQHandler                  0x08000abd   Thumb Code     6  stm32f4xx_it.o(i.DMA2_Stream1_IRQHandler)
    DMA2_Stream3_IRQHandler                  0x08000ac9   Thumb Code     6  stm32f4xx_it.o(i.DMA2_Stream3_IRQHandler)
    DMA2_Stream6_IRQHandler                  0x08000ad5   Thumb Code     6  stm32f4xx_it.o(i.DMA2_Stream6_IRQHandler)
    DRV_UART_IRQHandler                      0x08000dc9   Thumb Code    20  drv_usart.o(i.DRV_UART_IRQHandler)
    DebugMon_Handler                         0x08000ddd   Thumb Code     2  stm32f4xx_it.o(i.DebugMon_Handler)
    Error_Handler                            0x08000ddf   Thumb Code     4  main.o(i.Error_Handler)
    HAL_CAN_ActivateNotification             0x08000de3   Thumb Code    36  stm32f4xx_hal_can.o(i.HAL_CAN_ActivateNotification)
    HAL_CAN_AddTxMessage                     0x08000e07   Thumb Code   200  stm32f4xx_hal_can.o(i.HAL_CAN_AddTxMessage)
    HAL_CAN_ConfigFilter                     0x08000ed1   Thumb Code   262  stm32f4xx_hal_can.o(i.HAL_CAN_ConfigFilter)
    HAL_CAN_ErrorCallback                    0x08000fdd   Thumb Code     2  stm32f4xx_hal_can.o(i.HAL_CAN_ErrorCallback)
    HAL_CAN_GetRxMessage                     0x08000fdf   Thumb Code   232  stm32f4xx_hal_can.o(i.HAL_CAN_GetRxMessage)
    HAL_CAN_IRQHandler                       0x080010c7   Thumb Code   508  stm32f4xx_hal_can.o(i.HAL_CAN_IRQHandler)
    HAL_CAN_Init                             0x080012c3   Thumb Code   282  stm32f4xx_hal_can.o(i.HAL_CAN_Init)
    HAL_CAN_MspInit                          0x080013dd   Thumb Code   258  can.o(i.HAL_CAN_MspInit)
    HAL_CAN_RxFifo0FullCallback              0x080014f9   Thumb Code     2  stm32f4xx_hal_can.o(i.HAL_CAN_RxFifo0FullCallback)
    HAL_CAN_RxFifo0MsgPendingCallback        0x080014fd   Thumb Code   230  drv_can.o(i.HAL_CAN_RxFifo0MsgPendingCallback)
    HAL_CAN_RxFifo1FullCallback              0x080015fd   Thumb Code     2  stm32f4xx_hal_can.o(i.HAL_CAN_RxFifo1FullCallback)
    HAL_CAN_RxFifo1MsgPendingCallback        0x080015ff   Thumb Code     2  stm32f4xx_hal_can.o(i.HAL_CAN_RxFifo1MsgPendingCallback)
    HAL_CAN_SleepCallback                    0x08001601   Thumb Code     2  stm32f4xx_hal_can.o(i.HAL_CAN_SleepCallback)
    HAL_CAN_Start                            0x08001605   Thumb Code    88  stm32f4xx_hal_can.o(i.HAL_CAN_Start)
    HAL_CAN_TxMailbox0AbortCallback          0x0800165d   Thumb Code     2  stm32f4xx_hal_can.o(i.HAL_CAN_TxMailbox0AbortCallback)
    HAL_CAN_TxMailbox0CompleteCallback       0x0800165f   Thumb Code     2  stm32f4xx_hal_can.o(i.HAL_CAN_TxMailbox0CompleteCallback)
    HAL_CAN_TxMailbox1AbortCallback          0x08001661   Thumb Code     2  stm32f4xx_hal_can.o(i.HAL_CAN_TxMailbox1AbortCallback)
    HAL_CAN_TxMailbox1CompleteCallback       0x08001663   Thumb Code     2  stm32f4xx_hal_can.o(i.HAL_CAN_TxMailbox1CompleteCallback)
    HAL_CAN_TxMailbox2AbortCallback          0x08001665   Thumb Code     2  stm32f4xx_hal_can.o(i.HAL_CAN_TxMailbox2AbortCallback)
    HAL_CAN_TxMailbox2CompleteCallback       0x08001667   Thumb Code     2  stm32f4xx_hal_can.o(i.HAL_CAN_TxMailbox2CompleteCallback)
    HAL_CAN_WakeUpFromRxMsgCallback          0x08001669   Thumb Code     2  stm32f4xx_hal_can.o(i.HAL_CAN_WakeUpFromRxMsgCallback)
    HAL_DMA_Abort                            0x0800166b   Thumb Code   146  stm32f4xx_hal_dma.o(i.HAL_DMA_Abort)
    HAL_DMA_Abort_IT                         0x080016fd   Thumb Code    36  stm32f4xx_hal_dma.o(i.HAL_DMA_Abort_IT)
    HAL_DMA_IRQHandler                       0x08001721   Thumb Code   412  stm32f4xx_hal_dma.o(i.HAL_DMA_IRQHandler)
    HAL_DMA_Init                             0x080018c1   Thumb Code   206  stm32f4xx_hal_dma.o(i.HAL_DMA_Init)
    HAL_DMA_Start_IT                         0x08001995   Thumb Code   110  stm32f4xx_hal_dma.o(i.HAL_DMA_Start_IT)
    HAL_Delay                                0x08001a05   Thumb Code    32  stm32f4xx_hal.o(i.HAL_Delay)
    HAL_GPIO_Init                            0x08001a29   Thumb Code   450  stm32f4xx_hal_gpio.o(i.HAL_GPIO_Init)
    HAL_GPIO_TogglePin                       0x08001c19   Thumb Code    16  stm32f4xx_hal_gpio.o(i.HAL_GPIO_TogglePin)
    HAL_GPIO_WritePin                        0x08001c29   Thumb Code    10  stm32f4xx_hal_gpio.o(i.HAL_GPIO_WritePin)
    HAL_GetTick                              0x08001c35   Thumb Code     6  stm32f4xx_hal.o(i.HAL_GetTick)
    HAL_I2C_Init                             0x08001c41   Thumb Code   376  stm32f4xx_hal_i2c.o(i.HAL_I2C_Init)
    HAL_I2C_Mem_Write                        0x08001dc9   Thumb Code   294  stm32f4xx_hal_i2c.o(i.HAL_I2C_Mem_Write)
    HAL_I2C_MspInit                          0x08001ef9   Thumb Code   130  i2c.o(i.HAL_I2C_MspInit)
    HAL_IncTick                              0x08001f8d   Thumb Code    12  stm32f4xx_hal.o(i.HAL_IncTick)
    HAL_Init                                 0x08001f9d   Thumb Code    48  stm32f4xx_hal.o(i.HAL_Init)
    HAL_InitTick                             0x08001fd1   Thumb Code   132  stm32f4xx_hal_timebase_tim.o(i.HAL_InitTick)
    HAL_MspInit                              0x08002069   Thumb Code    52  stm32f4xx_hal_msp.o(i.HAL_MspInit)
    HAL_NVIC_EnableIRQ                       0x080020a1   Thumb Code    26  stm32f4xx_hal_cortex.o(i.HAL_NVIC_EnableIRQ)
    HAL_NVIC_SetPriority                     0x080020bd   Thumb Code    60  stm32f4xx_hal_cortex.o(i.HAL_NVIC_SetPriority)
    HAL_NVIC_SetPriorityGrouping             0x080020fd   Thumb Code    26  stm32f4xx_hal_cortex.o(i.HAL_NVIC_SetPriorityGrouping)
    HAL_RCC_ClockConfig                      0x08002121   Thumb Code   288  stm32f4xx_hal_rcc.o(i.HAL_RCC_ClockConfig)
    HAL_RCC_GetClockConfig                   0x08002255   Thumb Code    54  stm32f4xx_hal_rcc.o(i.HAL_RCC_GetClockConfig)
    HAL_RCC_GetPCLK1Freq                     0x08002295   Thumb Code    20  stm32f4xx_hal_rcc.o(i.HAL_RCC_GetPCLK1Freq)
    HAL_RCC_GetPCLK2Freq                     0x080022b5   Thumb Code    20  stm32f4xx_hal_rcc.o(i.HAL_RCC_GetPCLK2Freq)
    HAL_RCC_GetSysClockFreq                  0x080022d5   Thumb Code    88  stm32f4xx_hal_rcc.o(i.HAL_RCC_GetSysClockFreq)
    HAL_RCC_OscConfig                        0x08002339   Thumb Code   856  stm32f4xx_hal_rcc.o(i.HAL_RCC_OscConfig)
    HAL_SPI_ErrorCallback                    0x080026a5   Thumb Code     2  stm32f4xx_hal_spi.o(i.HAL_SPI_ErrorCallback)
    HAL_SPI_GetState                         0x080026a7   Thumb Code     6  stm32f4xx_hal_spi.o(i.HAL_SPI_GetState)
    HAL_SPI_Init                             0x080026ad   Thumb Code   188  stm32f4xx_hal_spi.o(i.HAL_SPI_Init)
    HAL_SPI_MspInit                          0x08002769   Thumb Code   232  spi.o(i.HAL_SPI_MspInit)
    HAL_SPI_Receive                          0x08002869   Thumb Code   346  stm32f4xx_hal_spi.o(i.HAL_SPI_Receive)
    HAL_SPI_Receive_DMA                      0x080029c5   Thumb Code   230  stm32f4xx_hal_spi.o(i.HAL_SPI_Receive_DMA)
    HAL_SPI_RxCpltCallback                   0x08002ab9   Thumb Code     2  stm32f4xx_hal_spi.o(i.HAL_SPI_RxCpltCallback)
    HAL_SPI_RxHalfCpltCallback               0x08002abb   Thumb Code     2  stm32f4xx_hal_spi.o(i.HAL_SPI_RxHalfCpltCallback)
    HAL_SPI_TransmitReceive                  0x08002abd   Thumb Code   482  stm32f4xx_hal_spi.o(i.HAL_SPI_TransmitReceive)
    HAL_SPI_TransmitReceive_DMA              0x08002ca1   Thumb Code   270  stm32f4xx_hal_spi.o(i.HAL_SPI_TransmitReceive_DMA)
    HAL_SPI_Transmit_DMA                     0x08002dc5   Thumb Code   202  stm32f4xx_hal_spi.o(i.HAL_SPI_Transmit_DMA)
    HAL_SPI_TxCpltCallback                   0x08002e9d   Thumb Code     2  stm32f4xx_hal_spi.o(i.HAL_SPI_TxCpltCallback)
    HAL_SPI_TxHalfCpltCallback               0x08002e9f   Thumb Code     2  stm32f4xx_hal_spi.o(i.HAL_SPI_TxHalfCpltCallback)
    HAL_SPI_TxRxCpltCallback                 0x08002ea1   Thumb Code     2  stm32f4xx_hal_spi.o(i.HAL_SPI_TxRxCpltCallback)
    HAL_SPI_TxRxHalfCpltCallback             0x08002ea3   Thumb Code     2  stm32f4xx_hal_spi.o(i.HAL_SPI_TxRxHalfCpltCallback)
    HAL_TIMEx_BreakCallback                  0x08002ea5   Thumb Code     2  stm32f4xx_hal_tim_ex.o(i.HAL_TIMEx_BreakCallback)
    HAL_TIMEx_CommutCallback                 0x08002ea7   Thumb Code     2  stm32f4xx_hal_tim_ex.o(i.HAL_TIMEx_CommutCallback)
    HAL_TIM_Base_Init                        0x08002ea9   Thumb Code    90  stm32f4xx_hal_tim.o(i.HAL_TIM_Base_Init)
    HAL_TIM_Base_MspInit                     0x08002f05   Thumb Code    30  tim.o(i.HAL_TIM_Base_MspInit)
    HAL_TIM_Base_Start_IT                    0x08002f2d   Thumb Code   100  stm32f4xx_hal_tim.o(i.HAL_TIM_Base_Start_IT)
    HAL_TIM_IC_CaptureCallback               0x08002fad   Thumb Code     2  stm32f4xx_hal_tim.o(i.HAL_TIM_IC_CaptureCallback)
    HAL_TIM_IRQHandler                       0x08002faf   Thumb Code   358  stm32f4xx_hal_tim.o(i.HAL_TIM_IRQHandler)
    HAL_TIM_MspPostInit                      0x08003115   Thumb Code    70  tim.o(i.HAL_TIM_MspPostInit)
    HAL_TIM_OC_DelayElapsedCallback          0x08003169   Thumb Code     2  stm32f4xx_hal_tim.o(i.HAL_TIM_OC_DelayElapsedCallback)
    HAL_TIM_PWM_ConfigChannel                0x0800316b   Thumb Code   204  stm32f4xx_hal_tim.o(i.HAL_TIM_PWM_ConfigChannel)
    HAL_TIM_PWM_Init                         0x08003237   Thumb Code    90  stm32f4xx_hal_tim.o(i.HAL_TIM_PWM_Init)
    HAL_TIM_PWM_MspInit                      0x08003291   Thumb Code     2  stm32f4xx_hal_tim.o(i.HAL_TIM_PWM_MspInit)
    HAL_TIM_PWM_PulseFinishedCallback        0x08003293   Thumb Code     2  stm32f4xx_hal_tim.o(i.HAL_TIM_PWM_PulseFinishedCallback)
    HAL_TIM_PWM_Start                        0x08003295   Thumb Code   172  stm32f4xx_hal_tim.o(i.HAL_TIM_PWM_Start)
    HAL_TIM_PeriodElapsedCallback            0x0800335d   Thumb Code    14  main.o(i.HAL_TIM_PeriodElapsedCallback)
    HAL_TIM_TriggerCallback                  0x08003371   Thumb Code     2  stm32f4xx_hal_tim.o(i.HAL_TIM_TriggerCallback)
    HAL_UARTEx_RxEventCallback               0x08003373   Thumb Code     2  stm32f4xx_hal_uart.o(i.HAL_UARTEx_RxEventCallback)
    HAL_UART_ErrorCallback                   0x08003375   Thumb Code     2  stm32f4xx_hal_uart.o(i.HAL_UART_ErrorCallback)
    HAL_UART_IRQHandler                      0x08003379   Thumb Code   610  stm32f4xx_hal_uart.o(i.HAL_UART_IRQHandler)
    HAL_UART_Init                            0x080035e1   Thumb Code    98  stm32f4xx_hal_uart.o(i.HAL_UART_Init)
    HAL_UART_MspInit                         0x08003645   Thumb Code   330  usart.o(i.HAL_UART_MspInit)
    HAL_UART_RxCpltCallback                  0x080037b1   Thumb Code     2  stm32f4xx_hal_uart.o(i.HAL_UART_RxCpltCallback)
    HAL_UART_TxCpltCallback                  0x080037b3   Thumb Code     2  stm32f4xx_hal_uart.o(i.HAL_UART_TxCpltCallback)
    HardFault_Handler                        0x080037b5   Thumb Code     2  stm32f4xx_it.o(i.HardFault_Handler)
    IMU_offset_cali                          0x08003a25   Thumb Code   230  ins_task.o(i.IMU_offset_cali)
    INS_Task                                 0x08003b19   Thumb Code   122  ins_task.o(i.INS_Task)
    MX_CAN1_Init                             0x08003b9d   Thumb Code    60  can.o(i.MX_CAN1_Init)
    MX_CAN2_Init                             0x08003be1   Thumb Code    60  can.o(i.MX_CAN2_Init)
    MX_DMA_Init                              0x08003c25   Thumb Code   120  dma.o(i.MX_DMA_Init)
    MX_FREERTOS_Init                         0x08003ca1   Thumb Code    74  freertos.o(i.MX_FREERTOS_Init)
    MX_GPIO_Init                             0x08003cf5   Thumb Code   300  gpio.o(i.MX_GPIO_Init)
    MX_I2C3_Init                             0x08003e39   Thumb Code    50  i2c.o(i.MX_I2C3_Init)
    MX_SPI1_Init                             0x08003e79   Thumb Code    64  spi.o(i.MX_SPI1_Init)
    MX_TIM10_Init                            0x08003ec1   Thumb Code    92  tim.o(i.MX_TIM10_Init)
    MX_USART3_UART_Init                      0x08003f25   Thumb Code    46  usart.o(i.MX_USART3_UART_Init)
    MX_USART6_UART_Init                      0x08003f61   Thumb Code    48  usart.o(i.MX_USART6_UART_Init)
    MahonyAHRSupdateIMU                      0x08003f99   Thumb Code   466  ins_task.o(i.MahonyAHRSupdateIMU)
    MemManage_Handler                        0x0800417d   Thumb Code     2  stm32f4xx_it.o(i.MemManage_Handler)
    Motor_Speed_limiting                     0x08004181   Thumb Code   126  chassis_task.o(i.Motor_Speed_limiting)
    NMI_Handler                              0x080041ff   Thumb Code     2  stm32f4xx_it.o(i.NMI_Handler)
    RC_to_Vector                             0x08004201   Thumb Code   306  chassis_task.o(i.RC_to_Vector)
    StartDefaultTask                         0x0800462d   Thumb Code     8  freertos.o(i.StartDefaultTask)
    SysTick_Handler                          0x08004635   Thumb Code    38  port.o(i.SysTick_Handler)
    SystemClock_Config                       0x08004661   Thumb Code   140  main.o(i.SystemClock_Config)
    SystemInit                               0x080046f5   Thumb Code    12  system_stm32f4xx.o(i.SystemInit)
    TIM3_IRQHandler                          0x08004705   Thumb Code     6  stm32f4xx_it.o(i.TIM3_IRQHandler)
    TIM_Base_SetConfig                       0x08004711   Thumb Code   156  stm32f4xx_hal_tim.o(i.TIM_Base_SetConfig)
    TIM_CCxChannelCmd                        0x080047d9   Thumb Code    26  stm32f4xx_hal_tim.o(i.TIM_CCxChannelCmd)
    TIM_OC2_SetConfig                        0x08004855   Thumb Code    98  stm32f4xx_hal_tim.o(i.TIM_OC2_SetConfig)
    USART3_IRQHandler                        0x08004ba5   Thumb Code    18  stm32f4xx_it.o(i.USART3_IRQHandler)
    USART3_Init                              0x08004bbd   Thumb Code    52  drv_usart.o(i.USART3_Init)
    USART3_rxDataHandler                     0x08004bf9   Thumb Code   220  rc_potocal.o(i.USART3_rxDataHandler)
    USART6_IRQHandler                        0x08004cdd   Thumb Code     6  stm32f4xx_it.o(i.USART6_IRQHandler)
    UsageFault_Handler                       0x08004ce9   Thumb Code     2  stm32f4xx_it.o(i.UsageFault_Handler)
    __ARM_fpclassifyf                        0x08004ceb   Thumb Code    38  fpclassifyf.o(i.__ARM_fpclassifyf)
    __hardfp_asinf                           0x08004d31   Thumb Code   258  asinf.o(i.__hardfp_asinf)
    __hardfp_atan2f                          0x08004e5d   Thumb Code   502  atan2f.o(i.__hardfp_atan2f)
    __mathlib_flt_infnan                     0x080050ad   Thumb Code     6  funder.o(i.__mathlib_flt_infnan)
    __mathlib_flt_infnan2                    0x080050b3   Thumb Code     6  funder.o(i.__mathlib_flt_infnan2)
    __mathlib_flt_invalid                    0x080050b9   Thumb Code    10  funder.o(i.__mathlib_flt_invalid)
    __mathlib_flt_underflow                  0x080050c9   Thumb Code    10  funder.o(i.__mathlib_flt_underflow)
    can_remote                               0x080050d9   Thumb Code    32  drv_can.o(i.can_remote)
    chassis_current_give                     0x080050fd   Thumb Code   122  chassis_task.o(i.chassis_current_give)
    chassis_motol_speed_calculate            0x08005181   Thumb Code    56  chassis_task.o(i.chassis_motol_speed_calculate)
    get_angle                                0x080051e5   Thumb Code   234  ins_task.o(i.get_angle)
    invSqrt                                  0x080052d9   Thumb Code    40  ins_task.o(i.invSqrt)
    ist8310_IIC_write_single_reg             0x08005305   Thumb Code    30  ins_task.o(i.ist8310_IIC_write_single_reg)
    ist8310_init                             0x08005329   Thumb Code    82  ins_task.o(i.ist8310_init)
    main                                     0x08005381   Thumb Code   108  main.o(i.main)
    osDelay                                  0x08005401   Thumb Code    14  cmsis_os.o(i.osDelay)
    osKernelStart                            0x0800540f   Thumb Code    10  cmsis_os.o(i.osKernelStart)
    osThreadCreate                           0x08005419   Thumb Code    84  cmsis_os.o(i.osThreadCreate)
    pid_calc                                 0x0800546d   Thumb Code   168  pid.o(i.pid_calc)
    pid_init                                 0x08005515   Thumb Code    86  pid.o(i.pid_init)
    pvPortMalloc                             0x080058d5   Thumb Code   216  heap_4.o(i.pvPortMalloc)
    pxPortInitialiseStack                    0x080059b1   Thumb Code    40  port.o(i.pxPortInitialiseStack)
    set_motor_current_can2                   0x080059dd   Thumb Code    86  drv_can.o(i.set_motor_current_can2)
    sqrtf                                    0x08005a39   Thumb Code    62  sqrtf.o(i.sqrtf)
    uxListRemove                             0x08005ac9   Thumb Code    38  list.o(i.uxListRemove)
    uxTaskGetStackHighWaterMark              0x08005af1   Thumb Code    28  tasks.o(i.uxTaskGetStackHighWaterMark)
    vApplicationGetIdleTaskMemory            0x08005b11   Thumb Code    16  freertos.o(i.vApplicationGetIdleTaskMemory)
    vListInitialise                          0x08005b25   Thumb Code    22  list.o(i.vListInitialise)
    vListInitialiseItem                      0x08005b3b   Thumb Code     6  list.o(i.vListInitialiseItem)
    vListInsert                              0x08005b41   Thumb Code    48  list.o(i.vListInsert)
    vListInsertEnd                           0x08005b71   Thumb Code    24  list.o(i.vListInsertEnd)
    vPortEnterCritical                       0x08005b89   Thumb Code    54  port.o(i.vPortEnterCritical)
    vPortExitCritical                        0x08005bc9   Thumb Code    34  port.o(i.vPortExitCritical)
    vPortFree                                0x08005bf1   Thumb Code    94  heap_4.o(i.vPortFree)
    vPortSetupTimerInterrupt                 0x08005c55   Thumb Code    32  port.o(i.vPortSetupTimerInterrupt)
    vTaskDelay                               0x08005c79   Thumb Code    66  tasks.o(i.vTaskDelay)
    vTaskStartScheduler                      0x08005cc5   Thumb Code    90  tasks.o(i.vTaskStartScheduler)
    vTaskSuspendAll                          0x08005d31   Thumb Code    10  tasks.o(i.vTaskSuspendAll)
    vTaskSwitchContext                       0x08005d41   Thumb Code    82  tasks.o(i.vTaskSwitchContext)
    xPortStartScheduler                      0x08005d9d   Thumb Code   222  port.o(i.xPortStartScheduler)
    xTaskCreate                              0x08005e91   Thumb Code    90  tasks.o(i.xTaskCreate)
    xTaskCreateStatic                        0x08005eeb   Thumb Code    86  tasks.o(i.xTaskCreateStatic)
    xTaskIncrementTick                       0x08005f41   Thumb Code   194  tasks.o(i.xTaskIncrementTick)
    xTaskResumeAll                           0x0800600d   Thumb Code   182  tasks.o(i.xTaskResumeAll)
    __aeabi_d2f                              0x080060d1   Thumb Code     0  d2f.o(x$fpl$d2f)
    _d2f                                     0x080060d1   Thumb Code    98  d2f.o(x$fpl$d2f)
    __aeabi_dadd                             0x08006135   Thumb Code     0  daddsub_clz.o(x$fpl$dadd)
    _dadd                                    0x08006135   Thumb Code   332  daddsub_clz.o(x$fpl$dadd)
    __aeabi_ddiv                             0x08006285   Thumb Code     0  ddiv.o(x$fpl$ddiv)
    _ddiv                                    0x08006285   Thumb Code   552  ddiv.o(x$fpl$ddiv)
    __aeabi_d2iz                             0x08006535   Thumb Code     0  dfix.o(x$fpl$dfix)
    _dfix                                    0x08006535   Thumb Code    94  dfix.o(x$fpl$dfix)
    __aeabi_i2d                              0x08006593   Thumb Code     0  dflt_clz.o(x$fpl$dflt)
    _dflt                                    0x08006593   Thumb Code    46  dflt_clz.o(x$fpl$dflt)
    __aeabi_dmul                             0x080065c1   Thumb Code     0  dmul.o(x$fpl$dmul)
    _dmul                                    0x080065c1   Thumb Code   332  dmul.o(x$fpl$dmul)
    __fpl_dnaninf                            0x08006715   Thumb Code   156  dnaninf.o(x$fpl$dnaninf)
    __fpl_dretinf                            0x080067b1   Thumb Code    12  dretinf.o(x$fpl$dretinf)
    __aeabi_dsub                             0x080067bd   Thumb Code     0  daddsub_clz.o(x$fpl$dsub)
    _dsub                                    0x080067bd   Thumb Code   464  daddsub_clz.o(x$fpl$dsub)
    __aeabi_f2d                              0x08006991   Thumb Code     0  f2d.o(x$fpl$f2d)
    _f2d                                     0x08006991   Thumb Code    86  f2d.o(x$fpl$f2d)
    __fpl_fnaninf                            0x080069e7   Thumb Code   140  fnaninf.o(x$fpl$fnaninf)
    _fp_init                                 0x08006a73   Thumb Code    10  fpinit.o(x$fpl$fpinit)
    __fplib_config_fpu_vfp                   0x08006a7b   Thumb Code     0  fpinit.o(x$fpl$fpinit)
    __fplib_config_pureend_doubles           0x08006a7b   Thumb Code     0  fpinit.o(x$fpl$fpinit)
    __fpl_fretinf                            0x08006a7d   Thumb Code    10  fretinf.o(x$fpl$fretinf)
    __I$use$fp                               0x08006a86   Number         0  usenofp.o(x$fpl$usenofp)
    AHBPrescTable                            0x08006ae4   Data          16  system_stm32f4xx.o(.constdata)
    APBPrescTable                            0x08006af4   Data           8  system_stm32f4xx.o(.constdata)
    Region$$Table$$Base                      0x08006b1c   Number         0  anon$$obj.o(Region$$Table)
    Region$$Table$$Limit                     0x08006b3c   Number         0  anon$$obj.o(Region$$Table)
    insTaskHandle                            0x20000000   Data           4  freertos.o(.data)
    chassisTaskHandle                        0x20000004   Data           4  freertos.o(.data)
    defaultTaskHandle                        0x20000008   Data           4  freertos.o(.data)
    uwTickFreq                               0x20000010   Data           1  stm32f4xx_hal.o(.data)
    uwTickPrio                               0x20000014   Data           4  stm32f4xx_hal.o(.data)
    uwTick                                   0x20000018   Data           4  stm32f4xx_hal.o(.data)
    SystemCoreClock                          0x2000001c   Data           4  system_stm32f4xx.o(.data)
    pxCurrentTCB                             0x20000020   Data           4  tasks.o(.data)
    twoKp                                    0x2000008c   Data           4  ins_task.o(.data)
    twoKi                                    0x20000090   Data           4  ins_task.o(.data)
    integralFBx                              0x20000094   Data           4  ins_task.o(.data)
    integralFBy                              0x20000098   Data           4  ins_task.o(.data)
    integralFBz                              0x2000009c   Data           4  ins_task.o(.data)
    first_temperate                          0x200000a0   Data           4  ins_task.o(.data)
    a                                        0x200000a4   Data           4  ins_task.o(.data)
    slow_down_flag                           0x200000a8   Data           1  chassis_task.o(.data)
    zero_current_mode_flag                   0x200000a9   Data           1  chassis_task.o(.data)
    Vx                                       0x200000aa   Data           2  chassis_task.o(.data)
    Vy                                       0x200000ac   Data           2  chassis_task.o(.data)
    Wz                                       0x200000ae   Data           2  chassis_task.o(.data)
    motor_speed_target                       0x200000b0   Data           8  chassis_task.o(.data)
    chassis_motor_pid                        0x200000b8   Data          12  chassis_task.o(.data)
    can_cnt_1                                0x200000c4   Data           2  drv_can.o(.data)
    temp_remote                              0x200000c6   Data           8  rc_potocal.o(.data)
    hcan1                                    0x20000324   Data          40  can.o(.bss)
    hcan2                                    0x2000034c   Data          40  can.o(.bss)
    hi2c3                                    0x20000374   Data          84  i2c.o(.bss)
    hspi1                                    0x200003c8   Data          88  spi.o(.bss)
    hdma_spi1_rx                             0x20000420   Data          96  spi.o(.bss)
    hdma_spi1_tx                             0x20000480   Data          96  spi.o(.bss)
    htim10                                   0x200004e0   Data          72  tim.o(.bss)
    huart3                                   0x20000528   Data          68  usart.o(.bss)
    huart6                                   0x2000056c   Data          68  usart.o(.bss)
    hdma_usart3_rx                           0x200005b0   Data          96  usart.o(.bss)
    hdma_usart6_rx                           0x20000610   Data          96  usart.o(.bss)
    hdma_usart6_tx                           0x20000670   Data          96  usart.o(.bss)
    htim3                                    0x200006d0   Data          72  stm32f4xx_hal_timebase_tim.o(.bss)
    imu_temp_pid                             0x20004408   Data          68  ins_task.o(.bss)
    ins_data                                 0x2000444c   Data          80  ins_task.o(.bss)
    motor_pid_chassis                        0x2000449c   Data         272  chassis_task.o(.bss)
    motor_info_chassis                       0x200045ac   Data          96  chassis_task.o(.bss)
    usart3_dma_rxbuf                         0x2000460c   Data          48  drv_usart.o(.bss)
    rc_ctrl                                  0x2000463c   Data          22  rc_potocal.o(.bss)
    __libspace_start                         0x20004654   Data          96  libspace.o(.bss)
    __temporary_stack_top$libspace           0x200046b4   Data           0  libspace.o(.bss)



==============================================================================

Memory Map of the image

  Image Entry point : 0x08000189

  Load Region LR_IROM1 (Base: 0x08000000, Size: 0x00006c0c, Max: 0x00100000, ABSOLUTE)

    Execution Region ER_IROM1 (Base: 0x08000000, Size: 0x00006b3c, Max: 0x00100000, ABSOLUTE)

    Base Addr    Size         Type   Attr      Idx    E Section Name        Object

    0x08000000   0x00000188   Data   RO            3    RESET               startup_stm32f407xx.o
    0x08000188   0x00000008   Code   RO         6173  * !!!main             c_w.l(__main.o)
    0x08000190   0x00000034   Code   RO         6453    !!!scatter          c_w.l(__scatter.o)
    0x080001c4   0x0000001a   Code   RO         6455    !!handler_copy      c_w.l(__scatter_copy.o)
    0x080001de   0x00000002   PAD
    0x080001e0   0x0000001c   Code   RO         6457    !!handler_zi        c_w.l(__scatter_zi.o)
    0x080001fc   0x00000002   Code   RO         6327    .ARM.Collect$$libinit$$00000000  c_w.l(libinit.o)
    0x080001fe   0x00000004   Code   RO         6336    .ARM.Collect$$libinit$$00000001  c_w.l(libinit2.o)
    0x08000202   0x00000000   Code   RO         6339    .ARM.Collect$$libinit$$00000004  c_w.l(libinit2.o)
    0x08000202   0x00000000   Code   RO         6342    .ARM.Collect$$libinit$$0000000A  c_w.l(libinit2.o)
    0x08000202   0x00000000   Code   RO         6344    .ARM.Collect$$libinit$$0000000C  c_w.l(libinit2.o)
    0x08000202   0x00000000   Code   RO         6346    .ARM.Collect$$libinit$$0000000E  c_w.l(libinit2.o)
    0x08000202   0x00000000   Code   RO         6349    .ARM.Collect$$libinit$$00000011  c_w.l(libinit2.o)
    0x08000202   0x00000000   Code   RO         6351    .ARM.Collect$$libinit$$00000013  c_w.l(libinit2.o)
    0x08000202   0x00000000   Code   RO         6353    .ARM.Collect$$libinit$$00000015  c_w.l(libinit2.o)
    0x08000202   0x00000000   Code   RO         6355    .ARM.Collect$$libinit$$00000017  c_w.l(libinit2.o)
    0x08000202   0x00000000   Code   RO         6357    .ARM.Collect$$libinit$$00000019  c_w.l(libinit2.o)
    0x08000202   0x00000000   Code   RO         6359    .ARM.Collect$$libinit$$0000001B  c_w.l(libinit2.o)
    0x08000202   0x00000000   Code   RO         6361    .ARM.Collect$$libinit$$0000001D  c_w.l(libinit2.o)
    0x08000202   0x00000000   Code   RO         6363    .ARM.Collect$$libinit$$0000001F  c_w.l(libinit2.o)
    0x08000202   0x00000000   Code   RO         6365    .ARM.Collect$$libinit$$00000021  c_w.l(libinit2.o)
    0x08000202   0x00000000   Code   RO         6367    .ARM.Collect$$libinit$$00000023  c_w.l(libinit2.o)
    0x08000202   0x00000000   Code   RO         6369    .ARM.Collect$$libinit$$00000025  c_w.l(libinit2.o)
    0x08000202   0x00000000   Code   RO         6373    .ARM.Collect$$libinit$$0000002C  c_w.l(libinit2.o)
    0x08000202   0x00000000   Code   RO         6375    .ARM.Collect$$libinit$$0000002E  c_w.l(libinit2.o)
    0x08000202   0x00000000   Code   RO         6377    .ARM.Collect$$libinit$$00000030  c_w.l(libinit2.o)
    0x08000202   0x00000000   Code   RO         6379    .ARM.Collect$$libinit$$00000032  c_w.l(libinit2.o)
    0x08000202   0x00000002   Code   RO         6380    .ARM.Collect$$libinit$$00000033  c_w.l(libinit2.o)
    0x08000204   0x00000002   Code   RO         6411    .ARM.Collect$$libshutdown$$00000000  c_w.l(libshutdown.o)
    0x08000206   0x00000000   Code   RO         6438    .ARM.Collect$$libshutdown$$00000003  c_w.l(libshutdown2.o)
    0x08000206   0x00000000   Code   RO         6441    .ARM.Collect$$libshutdown$$00000006  c_w.l(libshutdown2.o)
    0x08000206   0x00000000   Code   RO         6444    .ARM.Collect$$libshutdown$$00000009  c_w.l(libshutdown2.o)
    0x08000206   0x00000000   Code   RO         6446    .ARM.Collect$$libshutdown$$0000000B  c_w.l(libshutdown2.o)
    0x08000206   0x00000000   Code   RO         6449    .ARM.Collect$$libshutdown$$0000000E  c_w.l(libshutdown2.o)
    0x08000206   0x00000002   Code   RO         6450    .ARM.Collect$$libshutdown$$0000000F  c_w.l(libshutdown2.o)
    0x08000208   0x00000000   Code   RO         6237    .ARM.Collect$$rtentry$$00000000  c_w.l(__rtentry.o)
    0x08000208   0x00000000   Code   RO         6288    .ARM.Collect$$rtentry$$00000002  c_w.l(__rtentry2.o)
    0x08000208   0x00000006   Code   RO         6300    .ARM.Collect$$rtentry$$00000004  c_w.l(__rtentry4.o)
    0x0800020e   0x00000000   Code   RO         6290    .ARM.Collect$$rtentry$$00000009  c_w.l(__rtentry2.o)
    0x0800020e   0x00000004   Code   RO         6291    .ARM.Collect$$rtentry$$0000000A  c_w.l(__rtentry2.o)
    0x08000212   0x00000000   Code   RO         6293    .ARM.Collect$$rtentry$$0000000C  c_w.l(__rtentry2.o)
    0x08000212   0x00000008   Code   RO         6294    .ARM.Collect$$rtentry$$0000000D  c_w.l(__rtentry2.o)
    0x0800021a   0x00000002   Code   RO         6328    .ARM.Collect$$rtexit$$00000000  c_w.l(rtexit.o)
    0x0800021c   0x00000000   Code   RO         6384    .ARM.Collect$$rtexit$$00000002  c_w.l(rtexit2.o)
    0x0800021c   0x00000004   Code   RO         6385    .ARM.Collect$$rtexit$$00000003  c_w.l(rtexit2.o)
    0x08000220   0x00000006   Code   RO         6386    .ARM.Collect$$rtexit$$00000004  c_w.l(rtexit2.o)
    0x08000226   0x00000002   PAD
    0x08000228   0x000000be   Code   RO         5510    .emb_text           port.o
    0x080002e6   0x00000002   PAD
    0x080002e8   0x00000040   Code   RO            4    .text               startup_stm32f407xx.o
    0x08000328   0x000000ee   Code   RO         6159    .text               c_w.l(lludivv7m.o)
    0x08000416   0x00000064   Code   RO         6163    .text               c_w.l(rt_memcpy_w.o)
    0x0800047a   0x00000010   Code   RO         6167    .text               c_w.l(aeabi_memset.o)
    0x0800048a   0x0000004e   Code   RO         6169    .text               c_w.l(rt_memclr_w.o)
    0x080004d8   0x00000006   Code   RO         6171    .text               c_w.l(heapauxi.o)
    0x080004de   0x00000016   Code   RO         6242    .text               c_w.l(_rserrno.o)
    0x080004f4   0x00000044   Code   RO         6244    .text               c_w.l(rt_memclr.o)
    0x08000538   0x00000008   Code   RO         6307    .text               c_w.l(rt_errno_addr_intlibspace.o)
    0x08000540   0x00000008   Code   RO         6311    .text               c_w.l(libspace.o)
    0x08000548   0x0000004a   Code   RO         6314    .text               c_w.l(sys_stackheap_outer.o)
    0x08000592   0x0000000c   Code   RO         6316    .text               c_w.l(exit.o)
    0x0800059e   0x00000002   PAD
    0x080005a0   0x0000000c   Code   RO         6381    .text               c_w.l(sys_exit.o)
    0x080005ac   0x00000002   Code   RO         6400    .text               c_w.l(use_no_semi.o)
    0x080005ae   0x00000000   Code   RO         6402    .text               c_w.l(indicate_semi.o)
    0x080005ae   0x00000002   PAD
    0x080005b0   0x00000020   Code   RO         5590    i.AHRS_init         ins_task.o
    0x080005d0   0x0000005a   Code   RO         5591    i.BMI088_accel_init  ins_task.o
    0x0800062a   0x00000002   PAD
    0x0800062c   0x0000008c   Code   RO         5592    i.BMI088_accel_read_muli  ins_task.o
    0x080006b8   0x00000050   Code   RO         5593    i.BMI088_accel_write_single  ins_task.o
    0x08000708   0x0000003e   Code   RO         5594    i.BMI088_gyro_init  ins_task.o
    0x08000746   0x00000002   PAD
    0x08000748   0x00000070   Code   RO         5595    i.BMI088_gyro_read_muli  ins_task.o
    0x080007b8   0x0000004c   Code   RO         5596    i.BMI088_gyro_write_single  ins_task.o
    0x08000804   0x000001a0   Code   RO         5597    i.BMI088_read       ins_task.o
    0x080009a4   0x00000002   Code   RO          588    i.BusFault_Handler  stm32f4xx_it.o
    0x080009a6   0x00000002   PAD
    0x080009a8   0x0000003c   Code   RO         5936    i.CAN1_Init         drv_can.o
    0x080009e4   0x0000000c   Code   RO          589    i.CAN1_RX0_IRQHandler  stm32f4xx_it.o
    0x080009f0   0x0000000c   Code   RO          590    i.CAN1_TX_IRQHandler  stm32f4xx_it.o
    0x080009fc   0x0000003c   Code   RO         5937    i.CAN2_Init         drv_can.o
    0x08000a38   0x0000000c   Code   RO          591    i.CAN2_RX0_IRQHandler  stm32f4xx_it.o
    0x08000a44   0x0000000c   Code   RO          592    i.CAN2_TX_IRQHandler  stm32f4xx_it.o
    0x08000a50   0x00000054   Code   RO         5877    i.Chassis_task      chassis_task.o
    0x08000aa4   0x0000000c   Code   RO          593    i.DMA1_Stream1_IRQHandler  stm32f4xx_it.o
    0x08000ab0   0x0000000c   Code   RO          594    i.DMA2_Stream0_IRQHandler  stm32f4xx_it.o
    0x08000abc   0x0000000c   Code   RO          595    i.DMA2_Stream1_IRQHandler  stm32f4xx_it.o
    0x08000ac8   0x0000000c   Code   RO          596    i.DMA2_Stream3_IRQHandler  stm32f4xx_it.o
    0x08000ad4   0x0000000c   Code   RO          597    i.DMA2_Stream6_IRQHandler  stm32f4xx_it.o
    0x08000ae0   0x00000244   Code   RO         6069    i.DMAEx_MultiBufferStart_NoIT  drv_usart.o
    0x08000d24   0x00000028   Code   RO         1474    i.DMA_CalcBaseAndBitshift  stm32f4xx_hal_dma.o
    0x08000d4c   0x00000054   Code   RO         1475    i.DMA_CheckFifoParam  stm32f4xx_hal_dma.o
    0x08000da0   0x00000028   Code   RO         1476    i.DMA_SetConfig     stm32f4xx_hal_dma.o
    0x08000dc8   0x00000014   Code   RO         6070    i.DRV_UART_IRQHandler  drv_usart.o
    0x08000ddc   0x00000002   Code   RO          598    i.DebugMon_Handler  stm32f4xx_it.o
    0x08000dde   0x00000004   Code   RO           13    i.Error_Handler     main.o
    0x08000de2   0x00000024   Code   RO          782    i.HAL_CAN_ActivateNotification  stm32f4xx_hal_can.o
    0x08000e06   0x000000c8   Code   RO          783    i.HAL_CAN_AddTxMessage  stm32f4xx_hal_can.o
    0x08000ece   0x00000002   PAD
    0x08000ed0   0x0000010c   Code   RO          784    i.HAL_CAN_ConfigFilter  stm32f4xx_hal_can.o
    0x08000fdc   0x00000002   Code   RO          787    i.HAL_CAN_ErrorCallback  stm32f4xx_hal_can.o
    0x08000fde   0x000000e8   Code   RO          790    i.HAL_CAN_GetRxMessage  stm32f4xx_hal_can.o
    0x080010c6   0x000001fc   Code   RO          794    i.HAL_CAN_IRQHandler  stm32f4xx_hal_can.o
    0x080012c2   0x0000011a   Code   RO          795    i.HAL_CAN_Init      stm32f4xx_hal_can.o
    0x080013dc   0x0000011c   Code   RO          336    i.HAL_CAN_MspInit   can.o
    0x080014f8   0x00000002   Code   RO          802    i.HAL_CAN_RxFifo0FullCallback  stm32f4xx_hal_can.o
    0x080014fa   0x00000002   PAD
    0x080014fc   0x00000100   Code   RO         5938    i.HAL_CAN_RxFifo0MsgPendingCallback  drv_can.o
    0x080015fc   0x00000002   Code   RO          804    i.HAL_CAN_RxFifo1FullCallback  stm32f4xx_hal_can.o
    0x080015fe   0x00000002   Code   RO          805    i.HAL_CAN_RxFifo1MsgPendingCallback  stm32f4xx_hal_can.o
    0x08001600   0x00000002   Code   RO          806    i.HAL_CAN_SleepCallback  stm32f4xx_hal_can.o
    0x08001602   0x00000002   PAD
    0x08001604   0x00000058   Code   RO          807    i.HAL_CAN_Start     stm32f4xx_hal_can.o
    0x0800165c   0x00000002   Code   RO          809    i.HAL_CAN_TxMailbox0AbortCallback  stm32f4xx_hal_can.o
    0x0800165e   0x00000002   Code   RO          810    i.HAL_CAN_TxMailbox0CompleteCallback  stm32f4xx_hal_can.o
    0x08001660   0x00000002   Code   RO          811    i.HAL_CAN_TxMailbox1AbortCallback  stm32f4xx_hal_can.o
    0x08001662   0x00000002   Code   RO          812    i.HAL_CAN_TxMailbox1CompleteCallback  stm32f4xx_hal_can.o
    0x08001664   0x00000002   Code   RO          813    i.HAL_CAN_TxMailbox2AbortCallback  stm32f4xx_hal_can.o
    0x08001666   0x00000002   Code   RO          814    i.HAL_CAN_TxMailbox2CompleteCallback  stm32f4xx_hal_can.o
    0x08001668   0x00000002   Code   RO          816    i.HAL_CAN_WakeUpFromRxMsgCallback  stm32f4xx_hal_can.o
    0x0800166a   0x00000092   Code   RO         1477    i.HAL_DMA_Abort     stm32f4xx_hal_dma.o
    0x080016fc   0x00000024   Code   RO         1478    i.HAL_DMA_Abort_IT  stm32f4xx_hal_dma.o
    0x08001720   0x000001a0   Code   RO         1482    i.HAL_DMA_IRQHandler  stm32f4xx_hal_dma.o
    0x080018c0   0x000000d4   Code   RO         1483    i.HAL_DMA_Init      stm32f4xx_hal_dma.o
    0x08001994   0x0000006e   Code   RO         1487    i.HAL_DMA_Start_IT  stm32f4xx_hal_dma.o
    0x08001a02   0x00000002   PAD
    0x08001a04   0x00000024   Code   RO         1896    i.HAL_Delay         stm32f4xx_hal.o
    0x08001a28   0x000001f0   Code   RO         1370    i.HAL_GPIO_Init     stm32f4xx_hal_gpio.o
    0x08001c18   0x00000010   Code   RO         1373    i.HAL_GPIO_TogglePin  stm32f4xx_hal_gpio.o
    0x08001c28   0x0000000a   Code   RO         1374    i.HAL_GPIO_WritePin  stm32f4xx_hal_gpio.o
    0x08001c32   0x00000002   PAD
    0x08001c34   0x0000000c   Code   RO         1902    i.HAL_GetTick       stm32f4xx_hal.o
    0x08001c40   0x00000188   Code   RO         2158    i.HAL_I2C_Init      stm32f4xx_hal_i2c.o
    0x08001dc8   0x00000130   Code   RO         2179    i.HAL_I2C_Mem_Write  stm32f4xx_hal_i2c.o
    0x08001ef8   0x00000094   Code   RO          409    i.HAL_I2C_MspInit   i2c.o
    0x08001f8c   0x00000010   Code   RO         1908    i.HAL_IncTick       stm32f4xx_hal.o
    0x08001f9c   0x00000034   Code   RO         1909    i.HAL_Init          stm32f4xx_hal.o
    0x08001fd0   0x00000098   Code   RO          742    i.HAL_InitTick      stm32f4xx_hal_timebase_tim.o
    0x08002068   0x00000038   Code   RO          718    i.HAL_MspInit       stm32f4xx_hal_msp.o
    0x080020a0   0x0000001a   Code   RO         1759    i.HAL_NVIC_EnableIRQ  stm32f4xx_hal_cortex.o
    0x080020ba   0x00000002   PAD
    0x080020bc   0x00000040   Code   RO         1765    i.HAL_NVIC_SetPriority  stm32f4xx_hal_cortex.o
    0x080020fc   0x00000024   Code   RO         1766    i.HAL_NVIC_SetPriorityGrouping  stm32f4xx_hal_cortex.o
    0x08002120   0x00000134   Code   RO         1016    i.HAL_RCC_ClockConfig  stm32f4xx_hal_rcc.o
    0x08002254   0x00000040   Code   RO         1020    i.HAL_RCC_GetClockConfig  stm32f4xx_hal_rcc.o
    0x08002294   0x00000020   Code   RO         1023    i.HAL_RCC_GetPCLK1Freq  stm32f4xx_hal_rcc.o
    0x080022b4   0x00000020   Code   RO         1024    i.HAL_RCC_GetPCLK2Freq  stm32f4xx_hal_rcc.o
    0x080022d4   0x00000064   Code   RO         1025    i.HAL_RCC_GetSysClockFreq  stm32f4xx_hal_rcc.o
    0x08002338   0x0000036c   Code   RO         1028    i.HAL_RCC_OscConfig  stm32f4xx_hal_rcc.o
    0x080026a4   0x00000002   Code   RO         2604    i.HAL_SPI_ErrorCallback  stm32f4xx_hal_spi.o
    0x080026a6   0x00000006   Code   RO         2606    i.HAL_SPI_GetState  stm32f4xx_hal_spi.o
    0x080026ac   0x000000bc   Code   RO         2608    i.HAL_SPI_Init      stm32f4xx_hal_spi.o
    0x08002768   0x00000100   Code   RO          451    i.HAL_SPI_MspInit   spi.o
    0x08002868   0x0000015a   Code   RO         2611    i.HAL_SPI_Receive   stm32f4xx_hal_spi.o
    0x080029c2   0x00000002   PAD
    0x080029c4   0x000000f4   Code   RO         2612    i.HAL_SPI_Receive_DMA  stm32f4xx_hal_spi.o
    0x08002ab8   0x00000002   Code   RO         2614    i.HAL_SPI_RxCpltCallback  stm32f4xx_hal_spi.o
    0x08002aba   0x00000002   Code   RO         2615    i.HAL_SPI_RxHalfCpltCallback  stm32f4xx_hal_spi.o
    0x08002abc   0x000001e2   Code   RO         2617    i.HAL_SPI_TransmitReceive  stm32f4xx_hal_spi.o
    0x08002c9e   0x00000002   PAD
    0x08002ca0   0x00000124   Code   RO         2618    i.HAL_SPI_TransmitReceive_DMA  stm32f4xx_hal_spi.o
    0x08002dc4   0x000000d8   Code   RO         2620    i.HAL_SPI_Transmit_DMA  stm32f4xx_hal_spi.o
    0x08002e9c   0x00000002   Code   RO         2622    i.HAL_SPI_TxCpltCallback  stm32f4xx_hal_spi.o
    0x08002e9e   0x00000002   Code   RO         2623    i.HAL_SPI_TxHalfCpltCallback  stm32f4xx_hal_spi.o
    0x08002ea0   0x00000002   Code   RO         2624    i.HAL_SPI_TxRxCpltCallback  stm32f4xx_hal_spi.o
    0x08002ea2   0x00000002   Code   RO         2625    i.HAL_SPI_TxRxHalfCpltCallback  stm32f4xx_hal_spi.o
    0x08002ea4   0x00000002   Code   RO         3625    i.HAL_TIMEx_BreakCallback  stm32f4xx_hal_tim_ex.o
    0x08002ea6   0x00000002   Code   RO         3626    i.HAL_TIMEx_CommutCallback  stm32f4xx_hal_tim_ex.o
    0x08002ea8   0x0000005a   Code   RO         2921    i.HAL_TIM_Base_Init  stm32f4xx_hal_tim.o
    0x08002f02   0x00000002   PAD
    0x08002f04   0x00000028   Code   RO          493    i.HAL_TIM_Base_MspInit  tim.o
    0x08002f2c   0x00000080   Code   RO         2926    i.HAL_TIM_Base_Start_IT  stm32f4xx_hal_tim.o
    0x08002fac   0x00000002   Code   RO         2955    i.HAL_TIM_IC_CaptureCallback  stm32f4xx_hal_tim.o
    0x08002fae   0x00000166   Code   RO         2969    i.HAL_TIM_IRQHandler  stm32f4xx_hal_tim.o
    0x08003114   0x00000054   Code   RO          494    i.HAL_TIM_MspPostInit  tim.o
    0x08003168   0x00000002   Code   RO         2972    i.HAL_TIM_OC_DelayElapsedCallback  stm32f4xx_hal_tim.o
    0x0800316a   0x000000cc   Code   RO         2993    i.HAL_TIM_PWM_ConfigChannel  stm32f4xx_hal_tim.o
    0x08003236   0x0000005a   Code   RO         2996    i.HAL_TIM_PWM_Init  stm32f4xx_hal_tim.o
    0x08003290   0x00000002   Code   RO         2998    i.HAL_TIM_PWM_MspInit  stm32f4xx_hal_tim.o
    0x08003292   0x00000002   Code   RO         2999    i.HAL_TIM_PWM_PulseFinishedCallback  stm32f4xx_hal_tim.o
    0x08003294   0x000000c8   Code   RO         3001    i.HAL_TIM_PWM_Start  stm32f4xx_hal_tim.o
    0x0800335c   0x00000014   Code   RO           14    i.HAL_TIM_PeriodElapsedCallback  main.o
    0x08003370   0x00000002   Code   RO         3012    i.HAL_TIM_TriggerCallback  stm32f4xx_hal_tim.o
    0x08003372   0x00000002   Code   RO         3903    i.HAL_UARTEx_RxEventCallback  stm32f4xx_hal_uart.o
    0x08003374   0x00000002   Code   RO         3917    i.HAL_UART_ErrorCallback  stm32f4xx_hal_uart.o
    0x08003376   0x00000002   PAD
    0x08003378   0x00000268   Code   RO         3920    i.HAL_UART_IRQHandler  stm32f4xx_hal_uart.o
    0x080035e0   0x00000062   Code   RO         3921    i.HAL_UART_Init     stm32f4xx_hal_uart.o
    0x08003642   0x00000002   PAD
    0x08003644   0x0000016c   Code   RO          541    i.HAL_UART_MspInit  usart.o
    0x080037b0   0x00000002   Code   RO         3927    i.HAL_UART_RxCpltCallback  stm32f4xx_hal_uart.o
    0x080037b2   0x00000002   Code   RO         3932    i.HAL_UART_TxCpltCallback  stm32f4xx_hal_uart.o
    0x080037b4   0x00000002   Code   RO          599    i.HardFault_Handler  stm32f4xx_it.o
    0x080037b6   0x0000002e   Code   RO         2200    i.I2C_IsAcknowledgeFailed  stm32f4xx_hal_i2c.o
    0x080037e4   0x000000a8   Code   RO         2211    i.I2C_RequestMemoryWrite  stm32f4xx_hal_i2c.o
    0x0800388c   0x0000004c   Code   RO         2215    i.I2C_WaitOnBTFFlagUntilTimeout  stm32f4xx_hal_i2c.o
    0x080038d8   0x00000068   Code   RO         2216    i.I2C_WaitOnFlagUntilTimeout  stm32f4xx_hal_i2c.o
    0x08003940   0x00000096   Code   RO         2217    i.I2C_WaitOnMasterAddressFlagUntilTimeout  stm32f4xx_hal_i2c.o
    0x080039d6   0x0000004c   Code   RO         2219    i.I2C_WaitOnTXEFlagUntilTimeout  stm32f4xx_hal_i2c.o
    0x08003a22   0x00000002   PAD
    0x08003a24   0x000000f4   Code   RO         5600    i.IMU_offset_cali   ins_task.o
    0x08003b18   0x00000084   Code   RO         5601    i.INS_Task          ins_task.o
    0x08003b9c   0x00000044   Code   RO          337    i.MX_CAN1_Init      can.o
    0x08003be0   0x00000044   Code   RO          338    i.MX_CAN2_Init      can.o
    0x08003c24   0x0000007c   Code   RO          384    i.MX_DMA_Init       dma.o
    0x08003ca0   0x00000054   Code   RO          275    i.MX_FREERTOS_Init  freertos.o
    0x08003cf4   0x00000144   Code   RO          251    i.MX_GPIO_Init      gpio.o
    0x08003e38   0x00000040   Code   RO          410    i.MX_I2C3_Init      i2c.o
    0x08003e78   0x00000048   Code   RO          452    i.MX_SPI1_Init      spi.o
    0x08003ec0   0x00000064   Code   RO          495    i.MX_TIM10_Init     tim.o
    0x08003f24   0x0000003c   Code   RO          542    i.MX_USART3_UART_Init  usart.o
    0x08003f60   0x00000038   Code   RO          543    i.MX_USART6_UART_Init  usart.o
    0x08003f98   0x000001e4   Code   RO         5603    i.MahonyAHRSupdateIMU  ins_task.o
    0x0800417c   0x00000002   Code   RO          600    i.MemManage_Handler  stm32f4xx_it.o
    0x0800417e   0x00000002   PAD
    0x08004180   0x0000007e   Code   RO         5878    i.Motor_Speed_limiting  chassis_task.o
    0x080041fe   0x00000002   Code   RO          601    i.NMI_Handler       stm32f4xx_it.o
    0x08004200   0x00000158   Code   RO         5879    i.RC_to_Vector      chassis_task.o
    0x08004358   0x00000022   Code   RO         2636    i.SPI_DMAError      stm32f4xx_hal_spi.o
    0x0800437a   0x0000000a   Code   RO         2637    i.SPI_DMAHalfReceiveCplt  stm32f4xx_hal_spi.o
    0x08004384   0x0000000a   Code   RO         2638    i.SPI_DMAHalfTransmitCplt  stm32f4xx_hal_spi.o
    0x0800438e   0x0000000a   Code   RO         2639    i.SPI_DMAHalfTransmitReceiveCplt  stm32f4xx_hal_spi.o
    0x08004398   0x0000006a   Code   RO         2640    i.SPI_DMAReceiveCplt  stm32f4xx_hal_spi.o
    0x08004402   0x00000064   Code   RO         2642    i.SPI_DMATransmitCplt  stm32f4xx_hal_spi.o
    0x08004466   0x0000005a   Code   RO         2643    i.SPI_DMATransmitReceiveCplt  stm32f4xx_hal_spi.o
    0x080044c0   0x0000005c   Code   RO         2645    i.SPI_EndRxTransaction  stm32f4xx_hal_spi.o
    0x0800451c   0x00000058   Code   RO         2646    i.SPI_EndRxTxTransaction  stm32f4xx_hal_spi.o
    0x08004574   0x000000b8   Code   RO         2651    i.SPI_WaitFlagStateUntilTimeout  stm32f4xx_hal_spi.o
    0x0800462c   0x00000008   Code   RO          276    i.StartDefaultTask  freertos.o
    0x08004634   0x0000002c   Code   RO         5511    i.SysTick_Handler   port.o
    0x08004660   0x00000094   Code   RO           15    i.SystemClock_Config  main.o
    0x080046f4   0x00000010   Code   RO         4250    i.SystemInit        system_stm32f4xx.o
    0x08004704   0x0000000c   Code   RO          602    i.TIM3_IRQHandler   stm32f4xx_it.o
    0x08004710   0x000000c8   Code   RO         3014    i.TIM_Base_SetConfig  stm32f4xx_hal_tim.o
    0x080047d8   0x0000001a   Code   RO         3015    i.TIM_CCxChannelCmd  stm32f4xx_hal_tim.o
    0x080047f2   0x00000002   PAD
    0x080047f4   0x00000060   Code   RO         3027    i.TIM_OC1_SetConfig  stm32f4xx_hal_tim.o
    0x08004854   0x0000006c   Code   RO         3028    i.TIM_OC2_SetConfig  stm32f4xx_hal_tim.o
    0x080048c0   0x00000068   Code   RO         3029    i.TIM_OC3_SetConfig  stm32f4xx_hal_tim.o
    0x08004928   0x00000050   Code   RO         3030    i.TIM_OC4_SetConfig  stm32f4xx_hal_tim.o
    0x08004978   0x00000010   Code   RO         3934    i.UART_DMAAbortOnError  stm32f4xx_hal_uart.o
    0x08004988   0x0000004e   Code   RO         3944    i.UART_EndRxTransfer  stm32f4xx_hal_uart.o
    0x080049d6   0x000000c0   Code   RO         3946    i.UART_Receive_IT   stm32f4xx_hal_uart.o
    0x08004a96   0x00000002   PAD
    0x08004a98   0x0000010c   Code   RO         3947    i.UART_SetConfig    stm32f4xx_hal_uart.o
    0x08004ba4   0x00000018   Code   RO          603    i.USART3_IRQHandler  stm32f4xx_it.o
    0x08004bbc   0x0000003c   Code   RO         6071    i.USART3_Init       drv_usart.o
    0x08004bf8   0x000000e4   Code   RO         6129    i.USART3_rxDataHandler  rc_potocal.o
    0x08004cdc   0x0000000c   Code   RO          604    i.USART6_IRQHandler  stm32f4xx_it.o
    0x08004ce8   0x00000002   Code   RO          605    i.UsageFault_Handler  stm32f4xx_it.o
    0x08004cea   0x00000026   Code   RO         6259    i.__ARM_fpclassifyf  m_wm.l(fpclassifyf.o)
    0x08004d10   0x00000020   Code   RO         1772    i.__NVIC_SetPriority  stm32f4xx_hal_cortex.o
    0x08004d30   0x0000012c   Code   RO         6201    i.__hardfp_asinf    m_wm.l(asinf.o)
    0x08004e5c   0x00000250   Code   RO         6213    i.__hardfp_atan2f   m_wm.l(atan2f.o)
    0x080050ac   0x00000006   Code   RO         6262    i.__mathlib_flt_infnan  m_wm.l(funder.o)
    0x080050b2   0x00000006   Code   RO         6263    i.__mathlib_flt_infnan2  m_wm.l(funder.o)
    0x080050b8   0x00000010   Code   RO         6264    i.__mathlib_flt_invalid  m_wm.l(funder.o)
    0x080050c8   0x00000010   Code   RO         6267    i.__mathlib_flt_underflow  m_wm.l(funder.o)
    0x080050d8   0x00000024   Code   RO         5939    i.can_remote        drv_can.o
    0x080050fc   0x00000084   Code   RO         5880    i.chassis_current_give  chassis_task.o
    0x08005180   0x0000003c   Code   RO         5881    i.chassis_motol_speed_calculate  chassis_task.o
    0x080051bc   0x00000014   Code   RO         6072    i.dma_m0_rxcplt_callback  drv_usart.o
    0x080051d0   0x00000014   Code   RO         6073    i.dma_m1_rxcplt_callback  drv_usart.o
    0x080051e4   0x000000f4   Code   RO         5604    i.get_angle         ins_task.o
    0x080052d8   0x0000002c   Code   RO         5606    i.invSqrt           ins_task.o
    0x08005304   0x00000024   Code   RO         5608    i.ist8310_IIC_write_single_reg  ins_task.o
    0x08005328   0x00000058   Code   RO         5609    i.ist8310_init      ins_task.o
    0x08005380   0x00000074   Code   RO           16    i.main              main.o
    0x080053f4   0x0000000c   Code   RO         5076    i.makeFreeRtosPriority  cmsis_os.o
    0x08005400   0x0000000e   Code   RO         5078    i.osDelay           cmsis_os.o
    0x0800540e   0x0000000a   Code   RO         5081    i.osKernelStart     cmsis_os.o
    0x08005418   0x00000054   Code   RO         5115    i.osThreadCreate    cmsis_os.o
    0x0800546c   0x000000a8   Code   RO         5847    i.pid_calc          pid.o
    0x08005514   0x0000005c   Code   RO         5848    i.pid_init          pid.o
    0x08005570   0x00000070   Code   RO         4752    i.prvAddCurrentTaskToDelayedList  tasks.o
    0x080055e0   0x000000d0   Code   RO         4753    i.prvAddNewTaskToReadyList  tasks.o
    0x080056b0   0x00000034   Code   RO         4754    i.prvDeleteTCB      tasks.o
    0x080056e4   0x0000004c   Code   RO         5443    i.prvHeapInit       heap_4.o
    0x08005730   0x00000060   Code   RO         4755    i.prvIdleTask       tasks.o
    0x08005790   0x000000b0   Code   RO         4756    i.prvInitialiseNewTask  tasks.o
    0x08005840   0x0000004c   Code   RO         5444    i.prvInsertBlockIntoFreeList  heap_4.o
    0x0800588c   0x00000020   Code   RO         4757    i.prvResetNextTaskUnblockTime  tasks.o
    0x080058ac   0x00000028   Code   RO         5512    i.prvTaskExitError  port.o
    0x080058d4   0x000000dc   Code   RO         5445    i.pvPortMalloc      heap_4.o
    0x080059b0   0x0000002c   Code   RO         5513    i.pxPortInitialiseStack  port.o
    0x080059dc   0x0000005c   Code   RO         5940    i.set_motor_current_can2  drv_can.o
    0x08005a38   0x0000003e   Code   RO         6277    i.sqrtf             m_wm.l(sqrtf.o)
    0x08005a76   0x00000002   PAD
    0x08005a78   0x00000050   Code   RO         6074    i.uart_rx_idle_callback  drv_usart.o
    0x08005ac8   0x00000026   Code   RO         4388    i.uxListRemove      list.o
    0x08005aee   0x00000002   PAD
    0x08005af0   0x00000020   Code   RO         4763    i.uxTaskGetStackHighWaterMark  tasks.o
    0x08005b10   0x00000014   Code   RO          277    i.vApplicationGetIdleTaskMemory  freertos.o
    0x08005b24   0x00000016   Code   RO         4389    i.vListInitialise   list.o
    0x08005b3a   0x00000006   Code   RO         4390    i.vListInitialiseItem  list.o
    0x08005b40   0x00000030   Code   RO         4391    i.vListInsert       list.o
    0x08005b70   0x00000018   Code   RO         4392    i.vListInsertEnd    list.o
    0x08005b88   0x00000040   Code   RO         5515    i.vPortEnterCritical  port.o
    0x08005bc8   0x00000028   Code   RO         5516    i.vPortExitCritical  port.o
    0x08005bf0   0x00000064   Code   RO         5446    i.vPortFree         heap_4.o
    0x08005c54   0x00000024   Code   RO         5517    i.vPortSetupTimerInterrupt  port.o
    0x08005c78   0x0000004c   Code   RO         4767    i.vTaskDelay        tasks.o
    0x08005cc4   0x0000006c   Code   RO         4780    i.vTaskStartScheduler  tasks.o
    0x08005d30   0x00000010   Code   RO         4782    i.vTaskSuspendAll   tasks.o
    0x08005d40   0x0000005c   Code   RO         4783    i.vTaskSwitchContext  tasks.o
    0x08005d9c   0x000000f4   Code   RO         5519    i.xPortStartScheduler  port.o
    0x08005e90   0x0000005a   Code   RO         4786    i.xTaskCreate       tasks.o
    0x08005eea   0x00000056   Code   RO         4787    i.xTaskCreateStatic  tasks.o
    0x08005f40   0x000000cc   Code   RO         4794    i.xTaskIncrementTick  tasks.o
    0x0800600c   0x000000c4   Code   RO         4800    i.xTaskResumeAll    tasks.o
    0x080060d0   0x00000062   Code   RO         6175    x$fpl$d2f           fz_wm.l(d2f.o)
    0x08006132   0x00000002   PAD
    0x08006134   0x00000150   Code   RO         6177    x$fpl$dadd          fz_wm.l(daddsub_clz.o)
    0x08006284   0x000002b0   Code   RO         6184    x$fpl$ddiv          fz_wm.l(ddiv.o)
    0x08006534   0x0000005e   Code   RO         6187    x$fpl$dfix          fz_wm.l(dfix.o)
    0x08006592   0x0000002e   Code   RO         6192    x$fpl$dflt          fz_wm.l(dflt_clz.o)
    0x080065c0   0x00000154   Code   RO         6197    x$fpl$dmul          fz_wm.l(dmul.o)
    0x08006714   0x0000009c   Code   RO         6248    x$fpl$dnaninf       fz_wm.l(dnaninf.o)
    0x080067b0   0x0000000c   Code   RO         6250    x$fpl$dretinf       fz_wm.l(dretinf.o)
    0x080067bc   0x000001d4   Code   RO         6179    x$fpl$dsub          fz_wm.l(daddsub_clz.o)
    0x08006990   0x00000056   Code   RO         6199    x$fpl$f2d           fz_wm.l(f2d.o)
    0x080069e6   0x0000008c   Code   RO         6254    x$fpl$fnaninf       fz_wm.l(fnaninf.o)
    0x08006a72   0x0000000a   Code   RO         6396    x$fpl$fpinit        fz_wm.l(fpinit.o)
    0x08006a7c   0x0000000a   Code   RO         6256    x$fpl$fretinf       fz_wm.l(fretinf.o)
    0x08006a86   0x00000000   Code   RO         6258    x$fpl$usenofp       fz_wm.l(usenofp.o)
    0x08006a86   0x00000002   PAD
    0x08006a88   0x00000054   Data   RO          279    .constdata          freertos.o
    0x08006adc   0x00000008   Data   RO         1489    .constdata          stm32f4xx_hal_dma.o
    0x08006ae4   0x00000010   Data   RO         4251    .constdata          system_stm32f4xx.o
    0x08006af4   0x00000008   Data   RO         4252    .constdata          system_stm32f4xx.o
    0x08006afc   0x00000020   Data   RO          280    .conststring        freertos.o
    0x08006b1c   0x00000020   Data   RO         6451    Region$$Table       anon$$obj.o


    Execution Region RW_IRAM1 (Base: 0x20000000, Size: 0x00004cb8, Max: 0x0001c000, ABSOLUTE)

    Base Addr    Size         Type   Attr      Idx    E Section Name        Object

    0x20000000   0x0000000c   Data   RW          281    .data               freertos.o
    0x2000000c   0x00000004   Data   RW          340    .data               can.o
    0x20000010   0x0000000c   Data   RW         1916    .data               stm32f4xx_hal.o
    0x2000001c   0x00000004   Data   RW         4253    .data               system_stm32f4xx.o
    0x20000020   0x0000003c   Data   RW         4803    .data               tasks.o
    0x2000005c   0x00000020   Data   RW         5452    .data               heap_4.o
    0x2000007c   0x0000000c   Data   RW         5520    .data               port.o
    0x20000088   0x00000020   Data   RW         5612    .data               ins_task.o
    0x200000a8   0x0000001c   Data   RW         5883    .data               chassis_task.o
    0x200000c4   0x00000002   Data   RW         5941    .data               drv_can.o
    0x200000c6   0x00000008   Data   RW         6131    .data               rc_potocal.o
    0x200000ce   0x00000002   PAD
    0x200000d0   0x00000254   Zero   RW          278    .bss                freertos.o
    0x20000324   0x00000050   Zero   RW          339    .bss                can.o
    0x20000374   0x00000054   Zero   RW          411    .bss                i2c.o
    0x200003c8   0x00000118   Zero   RW          453    .bss                spi.o
    0x200004e0   0x00000048   Zero   RW          496    .bss                tim.o
    0x20000528   0x000001a8   Zero   RW          544    .bss                usart.o
    0x200006d0   0x00000048   Zero   RW          745    .bss                stm32f4xx_hal_timebase_tim.o
    0x20000718   0x000000f0   Zero   RW         4802    .bss                tasks.o
    0x20000808   0x00003c00   Zero   RW         5451    .bss                heap_4.o
    0x20004408   0x00000094   Zero   RW         5611    .bss                ins_task.o
    0x2000449c   0x00000170   Zero   RW         5882    .bss                chassis_task.o
    0x2000460c   0x00000030   Zero   RW         6075    .bss                drv_usart.o
    0x2000463c   0x00000016   Zero   RW         6130    .bss                rc_potocal.o
    0x20004652   0x00000002   PAD
    0x20004654   0x00000060   Zero   RW         6312    .bss                c_w.l(libspace.o)
    0x200046b4   0x00000004   PAD
    0x200046b8   0x00000200   Zero   RW            2    HEAP                startup_stm32f407xx.o
    0x200048b8   0x00000400   Zero   RW            1    STACK               startup_stm32f407xx.o


    Execution Region RW_IRAM2 (Base: 0x2001c000, Size: 0x00000000, Max: 0x00004000, ABSOLUTE)

    **** No section assigned to this execution region ****


==============================================================================

Image component sizes


      Code (inc. data)   RO Data    RW Data    ZI Data      Debug   Object Name

       420         42          0          4         80       2430   can.o
       746         64          0         28        368       5605   chassis_task.o
       120          0          0          0          0      23113   cmsis_os.o
       124          4          0          0          0        826   dma.o
       504         44          0          2          0     575831   drv_can.o
       780         36          0          0         48       4536   drv_usart.o
         0          0          0          0          0      16812   event_groups.o
       112         14        116         12        596       2590   freertos.o
       324         24          0          0          0       1107   gpio.o
       472         24          0         32      15360       7327   heap_4.o
       212         32          0          0         84       1681   i2c.o
      2280        138          0         32        148     594213   ins_task.o
       138          0          0          0          0       3418   list.o
       288         22          0          0          0     750004   main.o
       260          6          0          0          0       1606   pid.o
       702         72          0         12          0      10840   port.o
       228          8          0          8         22       2073   rc_potocal.o
       328         32          0          0        280       1863   spi.o
        64         26        392          0       1536        836   startup_stm32f407xx.o
       116         18          0         12          0       8642   stm32f4xx_hal.o
      1638          6          0          0          0      14051   stm32f4xx_hal_can.o
       158         14          0          0          0      33042   stm32f4xx_hal_cortex.o
      1084         16          8          0          0       7130   stm32f4xx_hal_dma.o
       522         46          0          0          0       2781   stm32f4xx_hal_gpio.o
      1316         32          0          0          0       9187   stm32f4xx_hal_i2c.o
        56          4          0          0          0        850   stm32f4xx_hal_msp.o
      1412         86          0          0          0       5765   stm32f4xx_hal_rcc.o
      2512         62          0          0          0      18427   stm32f4xx_hal_spi.o
      1694        136          0          0          0      13302   stm32f4xx_hal_tim.o
         4          0          0          0          0       1573   stm32f4xx_hal_tim_ex.o
       152         20          0          0         72       1439   stm32f4xx_hal_timebase_tim.o
      1276         16          0          0          0       8184   stm32f4xx_hal_uart.o
       168         72          0          0          0       8343   stm32f4xx_it.o
         0          0          0          0          0        392   stream_buffer.o
        16          4         24          4          0       1103   system_stm32f4xx.o
      1576        116          0         60        240      20112   tasks.o
       224         32          0          0         72       2206   tim.o
       480         56          0          0        424       2640   usart.o

    ----------------------------------------------------------------------
     22546       1324        572        208      19332    2165880   Object Totals
         0          0         32          0          0          0   (incl. Generated)
        40          0          0          2          2          0   (incl. Padding)

    ----------------------------------------------------------------------

      Code (inc. data)   RO Data    RW Data    ZI Data      Debug   Library Member Name

         8          0          0          0          0         68   __main.o
         0          0          0          0          0          0   __rtentry.o
        12          0          0          0          0          0   __rtentry2.o
         6          0          0          0          0          0   __rtentry4.o
        52          8          0          0          0          0   __scatter.o
        26          0          0          0          0          0   __scatter_copy.o
        28          0          0          0          0          0   __scatter_zi.o
        22          0          0          0          0        100   _rserrno.o
        16          0          0          0          0         68   aeabi_memset.o
        12          0          0          0          0         72   exit.o
         6          0          0          0          0        152   heapauxi.o
         0          0          0          0          0          0   indicate_semi.o
         2          0          0          0          0          0   libinit.o
         6          0          0          0          0          0   libinit2.o
         2          0          0          0          0          0   libshutdown.o
         2          0          0          0          0          0   libshutdown2.o
         8          4          0          0         96         68   libspace.o
       238          0          0          0          0        100   lludivv7m.o
         8          4          0          0          0         68   rt_errno_addr_intlibspace.o
        68          0          0          0          0         68   rt_memclr.o
        78          0          0          0          0         80   rt_memclr_w.o
       100          0          0          0          0         80   rt_memcpy_w.o
         2          0          0          0          0          0   rtexit.o
        10          0          0          0          0          0   rtexit2.o
        12          4          0          0          0         68   sys_exit.o
        74          0          0          0          0         80   sys_stackheap_outer.o
         2          0          0          0          0         68   use_no_semi.o
        98          4          0          0          0        140   d2f.o
       804         16          0          0          0        368   daddsub_clz.o
       688        140          0          0          0        256   ddiv.o
        94          4          0          0          0        140   dfix.o
        46          0          0          0          0        116   dflt_clz.o
       340         12          0          0          0        152   dmul.o
       156          4          0          0          0        140   dnaninf.o
        12          0          0          0          0        116   dretinf.o
        86          4          0          0          0        132   f2d.o
       140          4          0          0          0        132   fnaninf.o
        10          0          0          0          0        116   fpinit.o
        10          0          0          0          0        116   fretinf.o
         0          0          0          0          0          0   usenofp.o
       300         42          0          0          0        176   asinf.o
       592         90          0          0          0        184   atan2f.o
        38          0          0          0          0        116   fpclassifyf.o
        44         12          0          0          0        464   funder.o
        62          0          0          0          0        136   sqrtf.o

    ----------------------------------------------------------------------
      4334        352          0          0        100       4140   Library Totals
        14          0          0          0          4          0   (incl. Padding)

    ----------------------------------------------------------------------

      Code (inc. data)   RO Data    RW Data    ZI Data      Debug   Library Name

       800         20          0          0         96       1140   c_w.l
      2484        188          0          0          0       1924   fz_wm.l
      1036        144          0          0          0       1076   m_wm.l

    ----------------------------------------------------------------------
      4334        352          0          0        100       4140   Library Totals

    ----------------------------------------------------------------------

==============================================================================


      Code (inc. data)   RO Data    RW Data    ZI Data      Debug   

     26880       1676        572        208      19432    2146900   Grand Totals
     26880       1676        572        208      19432    2146900   ELF Image Totals
     26880       1676        572        208          0          0   ROM Totals

==============================================================================

    Total RO  Size (Code + RO Data)                27452 (  26.81kB)
    Total RW  Size (RW Data + ZI Data)             19640 (  19.18kB)
    Total ROM Size (Code + RO Data + RW Data)      27660 (  27.01kB)

==============================================================================

